../Libraries/Src/ssd1306.c:8:6:ssd1306_clear	8	static
../Libraries/Src/ssd1306.c:12:6:ssd1306_Reset	4	static
../Libraries/Src/ssd1306.c:17:6:ssd1306_WriteCommand	32	static
../Libraries/Src/ssd1306.c:22:6:ssd1306_WriteData	32	static
../Libraries/Src/ssd1306.c:67:17:ssd1306_FillBuffer	24	static
../Libraries/Src/ssd1306.c:77:6:ssd1306_Init	8	static
../Libraries/Src/ssd1306.c:179:6:ssd1306_Fill	16	static
../Libraries/Src/ssd1306.c:184:6:ssd1306_UpdateScreen	16	static
../Libraries/Src/ssd1306.c:205:6:ssd1306_DrawPixel	16	static
../Libraries/Src/ssd1306.c:225:6:ssd1306_WriteChar	48	static
../Libraries/Src/ssd1306.c:260:6:ssd1306_WriteString	32	static
../Libraries/Src/ssd1306.c:274:6:ssd1306_SetCursor	16	static
../Libraries/Src/ssd1306.c:280:6:ssd1306_Line	48	static
../Libraries/Src/ssd1306.c:307:6:ssd1306_Polyline	40	static
../Libraries/Src/ssd1306.c:321:14:ssd1306_DegToRad	16	static
../Libraries/Src/ssd1306.c:326:17:ssd1306_NormalizeTo0_360	24	static
../Libraries/Src/ssd1306.c:342:6:ssd1306_DrawArc	64	static
../Libraries/Src/ssd1306.c:382:6:ssd1306_DrawArcWithRadiusLine	72	static
../Libraries/Src/ssd1306.c:425:6:ssd1306_DrawCircle	40	static
../Libraries/Src/ssd1306.c:460:6:ssd1306_FillCircle	48	static
../Libraries/Src/ssd1306.c:496:6:ssd1306_DrawRectangle	32	static
../Libraries/Src/ssd1306.c:506:6:ssd1306_FillRectangle	32	static
../Libraries/Src/ssd1306.c:520:17:ssd1306_InvertRectangle	32	static
../Libraries/Src/ssd1306.c:551:6:ssd1306_DrawBitmap	24	static
../Libraries/Src/ssd1306.c:575:6:ssd1306_SetContrast	24	static
../Libraries/Src/ssd1306.c:581:6:ssd1306_SetDisplayOn	24	static
../Libraries/Src/ssd1306.c:593:9:ssd1306_GetDisplayOn	4	static
