Archive member included to satisfy reference by file (symbol)

../X-CUBE-CRYPTOLIB/Middlewares/ST/STM32_Cryptographic/lib/libSTM32Cryptographic_CM4.a(cmox_cbc_aesfast_decrypt.c.o)
                              ./Utilities/Src/Crypto.o (CMOX_AESFAST_CBC_DEC_ALGO)
../X-CUBE-CRYPTOLIB/Middlewares/ST/STM32_Cryptographic/lib/libSTM32Cryptographic_CM4.a(cmox_cbc_aesfast_encrypt.c.o)
                              ./Utilities/Src/Crypto.o (CMOX_AESFAST_CBC_ENC_ALGO)
../X-CUBE-CRYPTOLIB/Middlewares/ST/STM32_Cryptographic/lib/libSTM32Cryptographic_CM4.a(cmox_cbc_common.c.o)
                              ../X-CUBE-CRYPTOLIB/Middlewares/ST/STM32_Cryptographic/lib/libSTM32Cryptographic_CM4.a(cmox_cbc_aesfast_decrypt.c.o) (cmox_cbc_construct)
../X-CUBE-CRYPTOLIB/Middlewares/ST/STM32_Cryptographic/lib/libSTM32Cryptographic_CM4.a(cmox_cbc_decrypt.c.o)
                              ../X-CUBE-CRYPTOLIB/Middlewares/ST/STM32_Cryptographic/lib/libSTM32Cryptographic_CM4.a(cmox_cbc_aesfast_decrypt.c.o) (cmox_cbcDecrypt_construct)
../X-CUBE-CRYPTOLIB/Middlewares/ST/STM32_Cryptographic/lib/libSTM32Cryptographic_CM4.a(cmox_cbc_encrypt.c.o)
                              ../X-CUBE-CRYPTOLIB/Middlewares/ST/STM32_Cryptographic/lib/libSTM32Cryptographic_CM4.a(cmox_cbc_aesfast_encrypt.c.o) (cmox_cbcEncrypt_construct)
../X-CUBE-CRYPTOLIB/Middlewares/ST/STM32_Cryptographic/lib/libSTM32Cryptographic_CM4.a(cmox_cipher.c.o)
                              ./Utilities/Src/Crypto.o (cmox_cipher_decrypt)
../X-CUBE-CRYPTOLIB/Middlewares/ST/STM32_Cryptographic/lib/libSTM32Cryptographic_CM4.a(cmox_cipher_modes.c.o)
                              ../X-CUBE-CRYPTOLIB/Middlewares/ST/STM32_Cryptographic/lib/libSTM32Cryptographic_CM4.a(cmox_cbc_common.c.o) (cmox_cipherMode_init)
../X-CUBE-CRYPTOLIB/Middlewares/ST/STM32_Cryptographic/lib/libSTM32Cryptographic_CM4.a(cmox_cipher_utils.c.o)
                              ../X-CUBE-CRYPTOLIB/Middlewares/ST/STM32_Cryptographic/lib/libSTM32Cryptographic_CM4.a(cmox_cbc_decrypt.c.o) (convert_block_2_bytes)
../X-CUBE-CRYPTOLIB/Middlewares/ST/STM32_Cryptographic/lib/libSTM32Cryptographic_CM4.a(cmox_hash.c.o)
                              ./Utilities/Src/Crypto.o (cmox_hash_compute)
../X-CUBE-CRYPTOLIB/Middlewares/ST/STM32_Cryptographic/lib/libSTM32Cryptographic_CM4.a(cmox_init.c.o)
                              ../X-CUBE-CRYPTOLIB/Middlewares/ST/STM32_Cryptographic/lib/libSTM32Cryptographic_CM4.a(cmox_cipher_modes.c.o) (cmox_init_ctxi)
../X-CUBE-CRYPTOLIB/Middlewares/ST/STM32_Cryptographic/lib/libSTM32Cryptographic_CM4.a(cmox_sha256.c.o)
                              ./Utilities/Src/Crypto.o (CMOX_SHA256_ALGO)
../X-CUBE-CRYPTOLIB/Middlewares/ST/STM32_Cryptographic/lib/libSTM32Cryptographic_CM4.a(cmox_sha256_common.c.o)
                              ../X-CUBE-CRYPTOLIB/Middlewares/ST/STM32_Cryptographic/lib/libSTM32Cryptographic_CM4.a(cmox_sha256.c.o) (CMOX_MD_SHA256_VTABLE_ST)
../X-CUBE-CRYPTOLIB/Middlewares/ST/STM32_Cryptographic/lib/libSTM32Cryptographic_CM4.a(cmox_aesfast_decrypt.c.o)
                              ../X-CUBE-CRYPTOLIB/Middlewares/ST/STM32_Cryptographic/lib/libSTM32Cryptographic_CM4.a(cmox_cbc_aesfast_decrypt.c.o) (CMOX_AESFAST_DECRYPT_VTABLE)
../X-CUBE-CRYPTOLIB/Middlewares/ST/STM32_Cryptographic/lib/libSTM32Cryptographic_CM4.a(cmox_aesfast_encrypt.c.o)
                              ../X-CUBE-CRYPTOLIB/Middlewares/ST/STM32_Cryptographic/lib/libSTM32Cryptographic_CM4.a(cmox_cbc_aesfast_encrypt.c.o) (CMOX_AESFAST_ENCRYPT_VTABLE)
../X-CUBE-CRYPTOLIB/Middlewares/ST/STM32_Cryptographic/lib/libSTM32Cryptographic_CM4.a(cmox_md.c.o)
                              ../X-CUBE-CRYPTOLIB/Middlewares/ST/STM32_Cryptographic/lib/libSTM32Cryptographic_CM4.a(cmox_sha256.c.o) (cmox_md_append)
../X-CUBE-CRYPTOLIB/Middlewares/ST/STM32_Cryptographic/lib/libSTM32Cryptographic_CM4.a(cmox_aes_common.c.o)
                              ../X-CUBE-CRYPTOLIB/Middlewares/ST/STM32_Cryptographic/lib/libSTM32Cryptographic_CM4.a(cmox_aesfast_decrypt.c.o) (CMOX_AES_INV_SBOX)
/opt/st/stm32cubeide_1.16.0/plugins/com.st.stm32cube.ide.mcu.externaltools.gnu-tools-for-stm32.12.3.rel1.linux64_1.0.200.202406132123/tools/bin/../lib/gcc/arm-none-eabi/12.3.1/../../../../arm-none-eabi/lib/thumb/v7e-m+fp/hard/libc_nano.a(libc_a-exit.o)
                              /opt/st/stm32cubeide_1.16.0/plugins/com.st.stm32cube.ide.mcu.externaltools.gnu-tools-for-stm32.12.3.rel1.linux64_1.0.200.202406132123/tools/bin/../lib/gcc/arm-none-eabi/12.3.1/../../../../arm-none-eabi/lib/thumb/v7e-m+fp/hard/crt0.o (exit)
/opt/st/stm32cubeide_1.16.0/plugins/com.st.stm32cube.ide.mcu.externaltools.gnu-tools-for-stm32.12.3.rel1.linux64_1.0.200.202406132123/tools/bin/../lib/gcc/arm-none-eabi/12.3.1/../../../../arm-none-eabi/lib/thumb/v7e-m+fp/hard/libc_nano.a(libc_a-itoa.o)
                              ./Utilities/Src/Menu.o (itoa)
[...]
Memory Configuration

Name             Origin             Length             Attributes
CCMRAM           0x10000000         0x00010000         xrw
RAM              0x20000000         0x00020000         xrw
FLASH            0x08000000         0x00100000         xr
*default*        0x00000000         0xffffffff

Linker script and memory map

LOAD /opt/st/stm32cubeide_1.16.0/plugins/com.st.stm32cube.ide.mcu.externaltools.gnu-tools-for-stm32.12.3.rel1.linux64_1.0.200.202406132123/tools/bin/../lib/gcc/arm-none-eabi/12.3.1/thumb/v7e-m+fp/hard/crti.o
LOAD /opt/st/stm32cubeide_1.16.0/plugins/com.st.stm32cube.ide.mcu.externaltools.gnu-tools-for-stm32.12.3.rel1.linux64_1.0.200.202406132123/tools/bin/../lib/gcc/arm-none-eabi/12.3.1/thumb/v7e-m+fp/hard/crtbegin.o
LOAD /opt/st/stm32cubeide_1.16.0/plugins/com.st.stm32cube.ide.mcu.externaltools.gnu-tools-for-stm32.12.3.rel1.linux64_1.0.200.202406132123/tools/bin/../lib/gcc/arm-none-eabi/12.3.1/../../../../arm-none-eabi/lib/thumb/v7e-m+fp/hard/crt0.o
LOAD ./Core/Src/main.o
LOAD ./Core/Src/stm32f4xx_hal_msp.o
LOAD ./Core/Src/stm32f4xx_it.o
LOAD ./Core/Src/syscalls.o
LOAD ./Core/Src/sysmem.o
LOAD ./Core/Src/system_stm32f4xx.o
LOAD ./Core/Startup/startup_stm32f405rgtx.o
LOAD ./Drivers/STM32F4xx_HAL_Driver/Src/stm32f4xx_hal.o
LOAD ./Drivers/STM32F4xx_HAL_Driver/Src/stm32f4xx_hal_cortex.o
LOAD ./Drivers/STM32F4xx_HAL_Driver/Src/stm32f4xx_hal_crc.o
LOAD ./Drivers/STM32F4xx_HAL_Driver/Src/stm32f4xx_hal_dma.o
LOAD ./Drivers/STM32F4xx_HAL_Driver/Src/stm32f4xx_hal_dma_ex.o
LOAD ./Drivers/STM32F4xx_HAL_Driver/Src/stm32f4xx_hal_exti.o
LOAD ./Drivers/STM32F4xx_HAL_Driver/Src/stm32f4xx_hal_flash.o
LOAD ./Drivers/STM32F4xx_HAL_Driver/Src/stm32f4xx_hal_flash_ex.o
LOAD ./Drivers/STM32F4xx_HAL_Driver/Src/stm32f4xx_hal_flash_ramfunc.o
LOAD ./Drivers/STM32F4xx_HAL_Driver/Src/stm32f4xx_hal_gpio.o
LOAD ./Drivers/STM32F4xx_HAL_Driver/Src/stm32f4xx_hal_i2c.o
LOAD ./Drivers/STM32F4xx_HAL_Driver/Src/stm32f4xx_hal_i2c_ex.o
LOAD ./Drivers/STM32F4xx_HAL_Driver/Src/stm32f4xx_hal_pcd.o
LOAD ./Drivers/STM32F4xx_HAL_Driver/Src/stm32f4xx_hal_pcd_ex.o
LOAD ./Drivers/STM32F4xx_HAL_Driver/Src/stm32f4xx_hal_pwr.o
LOAD ./Drivers/STM32F4xx_HAL_Driver/Src/stm32f4xx_hal_pwr_ex.o
LOAD ./Drivers/STM32F4xx_HAL_Driver/Src/stm32f4xx_hal_rcc.o
LOAD ./Drivers/STM32F4xx_HAL_Driver/Src/stm32f4xx_hal_rcc_ex.o
LOAD ./Drivers/STM32F4xx_HAL_Driver/Src/stm32f4xx_hal_rng.o
LOAD ./Drivers/STM32F4xx_HAL_Driver/Src/stm32f4xx_hal_tim.o
LOAD ./Drivers/STM32F4xx_HAL_Driver/Src/stm32f4xx_hal_tim_ex.o
LOAD ./Drivers/STM32F4xx_HAL_Driver/Src/stm32f4xx_ll_usb.o
LOAD ./Libraries/Src/MY_FLASH.o
LOAD ./Libraries/Src/cmox_low_level.o
LOAD ./Libraries/Src/ssd1306.o
LOAD ./Libraries/Src/ssd1306_fonts.o
LOAD ./Middlewares/ST/STM32_USB_Device_Library/Class/CDC/Src/usbd_cdc.o
LOAD ./Middlewares/ST/STM32_USB_Device_Library/Core/Src/usbd_core.o
LOAD ./Middlewares/ST/STM32_USB_Device_Library/Core/Src/usbd_ctlreq.o
LOAD ./Middlewares/ST/STM32_USB_Device_Library/Core/Src/usbd_ioreq.o
LOAD ./USB_DEVICE/App/usb_device.o
LOAD ./USB_DEVICE/App/usbd_cdc_if.o
LOAD ./USB_DEVICE/App/usbd_desc.o
LOAD ./USB_DEVICE/Target/usbd_conf.o
LOAD ./Utilities/Src/Button.o
LOAD ./Utilities/Src/Crypto.o
LOAD ./Utilities/Src/Menu.o
LOAD ./Utilities/Src/RNG.o
LOAD ./Utilities/Src/Timer.o
LOAD ./Utilities/Src/printf_redirect.o
LOAD ../X-CUBE-CRYPTOLIB/Middlewares/ST/STM32_Cryptographic/lib/libSTM32Cryptographic_CM4.a
START GROUP
LOAD /opt/st/stm32cubeide_1.16.0/plugins/com.st.stm32cube.ide.mcu.externaltools.gnu-tools-for-stm32.12.3.rel1.linux64_1.0.200.202406132123/tools/bin/../lib/gcc/arm-none-eabi/12.3.1/../../../../arm-none-eabi/lib/thumb/v7e-m+fp/hard/libc_nano.a
LOAD /opt/st/stm32cubeide_1.16.0/plugins/com.st.stm32cube.ide.mcu.externaltools.gnu-tools-for-stm32.12.3.rel1.linux64_1.0.200.202406132123/tools/bin/../lib/gcc/arm-none-eabi/12.3.1/../../../../arm-none-eabi/lib/thumb/v7e-m+fp/hard/libm.a
END GROUP
START GROUP
LOAD /opt/st/stm32cubeide_1.16.0/plugins/com.st.stm32cube.ide.mcu.externaltools.gnu-tools-for-stm32.12.3.rel1.linux64_1.0.200.202406132123/tools/bin/../lib/gcc/arm-none-eabi/12.3.1/thumb/v7e-m+fp/hard/libgcc.a
LOAD /opt/st/stm32cubeide_1.16.0/plugins/com.st.stm32cube.ide.mcu.externaltools.gnu-tools-for-stm32.12.3.rel1.linux64_1.0.200.202406132123/tools/bin/../lib/gcc/arm-none-eabi/12.3.1/../../../../arm-none-eabi/lib/thumb/v7e-m+fp/hard/libc_nano.a
END GROUP
START GROUP
LOAD /opt/st/stm32cubeide_1.16.0/plugins/com.st.stm32cube.ide.mcu.externaltools.gnu-tools-for-stm32.12.3.rel1.linux64_1.0.200.202406132123/tools/bin/../lib/gcc/arm-none-eabi/12.3.1/thumb/v7e-m+fp/hard/libgcc.a
LOAD /opt/st/stm32cubeide_1.16.0/plugins/com.st.stm32cube.ide.mcu.externaltools.gnu-tools-for-stm32.12.3.rel1.linux64_1.0.200.202406132123/tools/bin/../lib/gcc/arm-none-eabi/12.3.1/../../../../arm-none-eabi/lib/thumb/v7e-m+fp/hard/libc_nano.a
LOAD /opt/st/stm32cubeide_1.16.0/plugins/com.st.stm32cube.ide.mcu.externaltools.gnu-tools-for-stm32.12.3.rel1.linux64_1.0.200.202406132123/tools/bin/../lib/gcc/arm-none-eabi/12.3.1/../../../../arm-none-eabi/lib/thumb/v7e-m+fp/hard/libnosys.a
END GROUP
START GROUP
LOAD /opt/st/stm32cubeide_1.16.0/plugins/com.st.stm32cube.ide.mcu.externaltools.gnu-tools-for-stm32.12.3.rel1.linux64_1.0.200.202406132123/tools/bin/../lib/gcc/arm-none-eabi/12.3.1/thumb/v7e-m+fp/hard/libgcc.a
LOAD /opt/st/stm32cubeide_1.16.0/plugins/com.st.stm32cube.ide.mcu.externaltools.gnu-tools-for-stm32.12.3.rel1.linux64_1.0.200.202406132123/tools/bin/../lib/gcc/arm-none-eabi/12.3.1/../../../../arm-none-eabi/lib/thumb/v7e-m+fp/hard/libc_nano.a
LOAD /opt/st/stm32cubeide_1.16.0/plugins/com.st.stm32cube.ide.mcu.externaltools.gnu-tools-for-stm32.12.3.rel1.linux64_1.0.200.202406132123/tools/bin/../lib/gcc/arm-none-eabi/12.3.1/../../../../arm-none-eabi/lib/thumb/v7e-m+fp/hard/libnosys.a
END GROUP
LOAD /opt/st/stm32cubeide_1.16.0/plugins/com.st.stm32cube.ide.mcu.externaltools.gnu-tools-for-stm32.12.3.rel1.linux64_1.0.200.202406132123/tools/bin/../lib/gcc/arm-none-eabi/12.3.1/thumb/v7e-m+fp/hard/crtend.o
LOAD /opt/st/stm32cubeide_1.16.0/plugins/com.st.stm32cube.ide.mcu.externaltools.gnu-tools-for-stm32.12.3.rel1.linux64_1.0.200.202406132123/tools/bin/../lib/gcc/arm-none-eabi/12.3.1/thumb/v7e-m+fp/hard/crtn.o
                0x20020000                        _estack = (ORIGIN (RAM) + LENGTH (RAM))
                0x00000200                        _Min_Heap_Size = 0x200
                0x00000400                        _Min_Stack_Size = 0x400

.isr_vector     0x08000000      0x188
                0x08000000                        . = ALIGN (0x4)
 *(.isr_vector)
 .isr_vector    0x08000000      0x188 ./Core/Startup/startup_stm32f405rgtx.o
                0x08000000                g_pfnVectors
                0x08000188                        . = ALIGN (0x4)

.text           0x08000190     0xd2c8
                0x08000190                        . = ALIGN (0x4)
 *(.text)
 .text          0x08000190       0x40 /opt/st/stm32cubeide_1.16.0/plugins/com.st.stm32cube.ide.mcu.externaltools.gnu-tools-for-stm32.12.3.rel1.linux64_1.0.200.202406132123/tools/bin/../lib/gcc/arm-none-eabi/12.3.1/thumb/v7e-m+fp/hard/crtbegin.o
 .text          0x080001d0       0x40 ../X-CUBE-CRYPTOLIB/Middlewares/ST/STM32_Cryptographic/lib/libSTM32Cryptographic_CM4.a(cmox_cbc_aesfast_decrypt.c.o)
 .text          0x08000210       0x40 ../X-CUBE-CRYPTOLIB/Middlewares/ST/STM32_Cryptographic/lib/libSTM32Cryptographic_CM4.a(cmox_cbc_aesfast_encrypt.c.o)
 .text          0x08000250        0xa ../X-CUBE-CRYPTOLIB/Middlewares/ST/STM32_Cryptographic/lib/libSTM32Cryptographic_CM4.a(cmox_cbc_common.c.o)
                0x08000250                cmox_cbc_getByCipher
 *fill*         0x0800025a        0x2 
 .text          0x0800025c       0x20 ../X-CUBE-CRYPTOLIB/Middlewares/ST/STM32_Cryptographic/lib/libSTM32Cryptographic_CM4.a(cmox_cbc_common.c.o)
                0x0800025c                cmox_cbc_cleanup
 .text          0x0800027c       0x24 ../X-CUBE-CRYPTOLIB/Middlewares/ST/STM32_Cryptographic/lib/libSTM32Cryptographic_CM4.a(cmox_cbc_common.c.o)
                0x0800027c                cmox_cbc_init
 .text          0x080002a0       0x28 ../X-CUBE-CRYPTOLIB/Middlewares/ST/STM32_Cryptographic/lib/libSTM32Cryptographic_CM4.a(cmox_cbc_common.c.o)
                0x080002a0                cmox_cbc_setKey
 .text          0x080002c8       0x34 ../X-CUBE-CRYPTOLIB/Middlewares/ST/STM32_Cryptographic/lib/libSTM32Cryptographic_CM4.a(cmox_cbc_common.c.o)
                0x080002c8                cmox_cbc_setIV
 .text          0x080002fc        0xa ../X-CUBE-CRYPTOLIB/Middlewares/ST/STM32_Cryptographic/lib/libSTM32Cryptographic_CM4.a(cmox_cbc_common.c.o)
                0x080002fc                cmox_cbc_construct
 *fill*         0x08000306        0x2 
 .text          0x08000308        0xc ../X-CUBE-CRYPTOLIB/Middlewares/ST/STM32_Cryptographic/lib/libSTM32Cryptographic_CM4.a(cmox_cbc_decrypt.c.o)
 .text          0x08000314        0xc ../X-CUBE-CRYPTOLIB/Middlewares/ST/STM32_Cryptographic/lib/libSTM32Cryptographic_CM4.a(cmox_cbc_decrypt.c.o)
 .text          0x08000320        0xc ../X-CUBE-CRYPTOLIB/Middlewares/ST/STM32_Cryptographic/lib/libSTM32Cryptographic_CM4.a(cmox_cbc_decrypt.c.o)
 .text          0x0800032c        0xc ../X-CUBE-CRYPTOLIB/Middlewares/ST/STM32_Cryptographic/lib/libSTM32Cryptographic_CM4.a(cmox_cbc_decrypt.c.o)
 .text          0x08000338       0x10 ../X-CUBE-CRYPTOLIB/Middlewares/ST/STM32_Cryptographic/lib/libSTM32Cryptographic_CM4.a(cmox_cbc_decrypt.c.o)
                0x08000338                cmox_cbcDecrypt_construct
 .text          0x08000348      0x1e4 ../X-CUBE-CRYPTOLIB/Middlewares/ST/STM32_Cryptographic/lib/libSTM32Cryptographic_CM4.a(cmox_cbc_decrypt.c.o)
 .text          0x0800052c        0xc ../X-CUBE-CRYPTOLIB/Middlewares/ST/STM32_Cryptographic/lib/libSTM32Cryptographic_CM4.a(cmox_cbc_encrypt.c.o)
 .text          0x08000538        0xc ../X-CUBE-CRYPTOLIB/Middlewares/ST/STM32_Cryptographic/lib/libSTM32Cryptographic_CM4.a(cmox_cbc_encrypt.c.o)
 .text          0x08000544        0xc ../X-CUBE-CRYPTOLIB/Middlewares/ST/STM32_Cryptographic/lib/libSTM32Cryptographic_CM4.a(cmox_cbc_encrypt.c.o)
 .text          0x08000550        0xc ../X-CUBE-CRYPTOLIB/Middlewares/ST/STM32_Cryptographic/lib/libSTM32Cryptographic_CM4.a(cmox_cbc_encrypt.c.o)
 .text          0x0800055c      0x16c ../X-CUBE-CRYPTOLIB/Middlewares/ST/STM32_Cryptographic/lib/libSTM32Cryptographic_CM4.a(cmox_cbc_encrypt.c.o)
 .text          0x080006c8       0x10 ../X-CUBE-CRYPTOLIB/Middlewares/ST/STM32_Cryptographic/lib/libSTM32Cryptographic_CM4.a(cmox_cbc_encrypt.c.o)
                0x080006c8                cmox_cbcEncrypt_construct
 .text          0x080006d8       0x58 ../X-CUBE-CRYPTOLIB/Middlewares/ST/STM32_Cryptographic/lib/libSTM32Cryptographic_CM4.a(cmox_cipher.c.o)
                0x080006d8                cmox_cipher_encrypt
 .text          0x08000730       0x58 ../X-CUBE-CRYPTOLIB/Middlewares/ST/STM32_Cryptographic/lib/libSTM32Cryptographic_CM4.a(cmox_cipher.c.o)
                0x08000730                cmox_cipher_decrypt
 .text          0x08000788       0x64 ../X-CUBE-CRYPTOLIB/Middlewares/ST/STM32_Cryptographic/lib/libSTM32Cryptographic_CM4.a(cmox_cipher.c.o)
                0x08000788                cmox_cipher_innerCompute
 .text          0x080007ec        0xe ../X-CUBE-CRYPTOLIB/Middlewares/ST/STM32_Cryptographic/lib/libSTM32Cryptographic_CM4.a(cmox_cipher_modes.c.o)
                0x080007ec                cmox_cipherMode_init
 *fill*         0x080007fa        0x2 
 .text          0x080007fc      0x3c8 ../X-CUBE-CRYPTOLIB/Middlewares/ST/STM32_Cryptographic/lib/libSTM32Cryptographic_CM4.a(cmox_cipher_modes.c.o)
                0x080007fc                cmox_cipherMode_setKey
 .text          0x08000bc4       0x38 ../X-CUBE-CRYPTOLIB/Middlewares/ST/STM32_Cryptographic/lib/libSTM32Cryptographic_CM4.a(cmox_cipher_modes.c.o)
                0x08000bc4                cmox_cipherMode_setIV
 .text          0x08000bfc        0x6 ../X-CUBE-CRYPTOLIB/Middlewares/ST/STM32_Cryptographic/lib/libSTM32Cryptographic_CM4.a(cmox_cipher_modes.c.o)
                0x08000bfc                cmox_cipher_setTagLen_empty
 .text          0x08000c02        0x6 ../X-CUBE-CRYPTOLIB/Middlewares/ST/STM32_Cryptographic/lib/libSTM32Cryptographic_CM4.a(cmox_cipher_modes.c.o)
                0x08000c02                cmox_cipher_setPayloadLen_empty
 .text          0x08000c08        0x6 ../X-CUBE-CRYPTOLIB/Middlewares/ST/STM32_Cryptographic/lib/libSTM32Cryptographic_CM4.a(cmox_cipher_modes.c.o)
                0x08000c08                cmox_cipher_setADLen_empty
 .text          0x08000c0e        0x6 ../X-CUBE-CRYPTOLIB/Middlewares/ST/STM32_Cryptographic/lib/libSTM32Cryptographic_CM4.a(cmox_cipher_modes.c.o)
                0x08000c0e                cmox_cipher_appendAD_empty
 .text          0x08000c14        0x8 ../X-CUBE-CRYPTOLIB/Middlewares/ST/STM32_Cryptographic/lib/libSTM32Cryptographic_CM4.a(cmox_cipher_modes.c.o)
                0x08000c14                cmox_cipher_generateTag_empty
 .text          0x08000c1c        0x8 ../X-CUBE-CRYPTOLIB/Middlewares/ST/STM32_Cryptographic/lib/libSTM32Cryptographic_CM4.a(cmox_cipher_modes.c.o)
                0x08000c1c                cmox_cipher_verifyTag_empty
 .text          0x08000c24        0x8 ../X-CUBE-CRYPTOLIB/Middlewares/ST/STM32_Cryptographic/lib/libSTM32Cryptographic_CM4.a(cmox_cipher_modes.c.o)
 .text          0x08000c2c       0x28 ../X-CUBE-CRYPTOLIB/Middlewares/ST/STM32_Cryptographic/lib/libSTM32Cryptographic_CM4.a(cmox_cipher_utils.c.o)
                0x08000c2c                convert_block_2_words
 .text          0x08000c54       0x2e ../X-CUBE-CRYPTOLIB/Middlewares/ST/STM32_Cryptographic/lib/libSTM32Cryptographic_CM4.a(cmox_cipher_utils.c.o)
                0x08000c54                convert_block_2_bytes
 .text          0x08000c82       0x1a ../X-CUBE-CRYPTOLIB/Middlewares/ST/STM32_Cryptographic/lib/libSTM32Cryptographic_CM4.a(cmox_cipher_utils.c.o)
                0x08000c82                xor_blocks
 .text          0x08000c9c       0x12 ../X-CUBE-CRYPTOLIB/Middlewares/ST/STM32_Cryptographic/lib/libSTM32Cryptographic_CM4.a(cmox_cipher_utils.c.o)
                0x08000c9c                copy_block
 *fill*         0x08000cae        0x2 
 .text          0x08000cb0       0x34 ../X-CUBE-CRYPTOLIB/Middlewares/ST/STM32_Cryptographic/lib/libSTM32Cryptographic_CM4.a(cmox_hash.c.o)
                0x08000cb0                cmox_hash_compute
 .text          0x08000ce4       0x5c ../X-CUBE-CRYPTOLIB/Middlewares/ST/STM32_Cryptographic/lib/libSTM32Cryptographic_CM4.a(cmox_hash.c.o)
                0x08000ce4                cmox_hash_common_compute
 .text          0x08000d40       0x2c ../X-CUBE-CRYPTOLIB/Middlewares/ST/STM32_Cryptographic/lib/libSTM32Cryptographic_CM4.a(cmox_sha256.c.o)
 .text          0x08000d6c       0x40 ../X-CUBE-CRYPTOLIB/Middlewares/ST/STM32_Cryptographic/lib/libSTM32Cryptographic_CM4.a(cmox_sha256.c.o)
 .text          0x08000dac       0x20 ../X-CUBE-CRYPTOLIB/Middlewares/ST/STM32_Cryptographic/lib/libSTM32Cryptographic_CM4.a(cmox_sha256.c.o)
 .text          0x08000dcc       0x30 ../X-CUBE-CRYPTOLIB/Middlewares/ST/STM32_Cryptographic/lib/libSTM32Cryptographic_CM4.a(cmox_sha256.c.o)
 .text          0x08000dfc       0x30 ../X-CUBE-CRYPTOLIB/Middlewares/ST/STM32_Cryptographic/lib/libSTM32Cryptographic_CM4.a(cmox_sha256.c.o)
 .text          0x08000e2c       0x70 ../X-CUBE-CRYPTOLIB/Middlewares/ST/STM32_Cryptographic/lib/libSTM32Cryptographic_CM4.a(cmox_sha256.c.o)
 .text          0x08000e9c      0x1ec ../X-CUBE-CRYPTOLIB/Middlewares/ST/STM32_Cryptographic/lib/libSTM32Cryptographic_CM4.a(cmox_sha256_common.c.o)
 .text          0x08001088      0x2dc ../X-CUBE-CRYPTOLIB/Middlewares/ST/STM32_Cryptographic/lib/libSTM32Cryptographic_CM4.a(cmox_aesfast_decrypt.c.o)
 .text          0x08001364      0x140 ../X-CUBE-CRYPTOLIB/Middlewares/ST/STM32_Cryptographic/lib/libSTM32Cryptographic_CM4.a(cmox_aesfast_decrypt.c.o)
 .text          0x080014a4      0x2cc ../X-CUBE-CRYPTOLIB/Middlewares/ST/STM32_Cryptographic/lib/libSTM32Cryptographic_CM4.a(cmox_aesfast_encrypt.c.o)
 .text          0x08001770        0x8 ../X-CUBE-CRYPTOLIB/Middlewares/ST/STM32_Cryptographic/lib/libSTM32Cryptographic_CM4.a(cmox_md.c.o)
                0x08001770                cmox_md_updateState_small
 .text          0x08001778       0x44 ../X-CUBE-CRYPTOLIB/Middlewares/ST/STM32_Cryptographic/lib/libSTM32Cryptographic_CM4.a(cmox_md.c.o)
                0x08001778                cmox_md_copyLastState_small
 .text          0x080017bc       0x1a ../X-CUBE-CRYPTOLIB/Middlewares/ST/STM32_Cryptographic/lib/libSTM32Cryptographic_CM4.a(cmox_md.c.o)
                0x080017bc                cmox_md_padMsgLen_small
 .text          0x080017d6        0x8 ../X-CUBE-CRYPTOLIB/Middlewares/ST/STM32_Cryptographic/lib/libSTM32Cryptographic_CM4.a(cmox_md.c.o)
                0x080017d6                cmox_md_construct
 .text          0x080017de       0x1e ../X-CUBE-CRYPTOLIB/Middlewares/ST/STM32_Cryptographic/lib/libSTM32Cryptographic_CM4.a(cmox_md.c.o)
                0x080017de                cmox_md_init
 .text          0x080017fc        0x8 ../X-CUBE-CRYPTOLIB/Middlewares/ST/STM32_Cryptographic/lib/libSTM32Cryptographic_CM4.a(cmox_md.c.o)
                0x080017fc                cmox_md_setTagSize
 .text          0x08001804       0xa8 ../X-CUBE-CRYPTOLIB/Middlewares/ST/STM32_Cryptographic/lib/libSTM32Cryptographic_CM4.a(cmox_md.c.o)
                0x08001804                cmox_md_append
 .text          0x080018ac      0x1a0 ../X-CUBE-CRYPTOLIB/Middlewares/ST/STM32_Cryptographic/lib/libSTM32Cryptographic_CM4.a(cmox_md.c.o)
                0x080018ac                cmox_md_generateTag
 .text          0x08001a4c        0x8 ../X-CUBE-CRYPTOLIB/Middlewares/ST/STM32_Cryptographic/lib/libSTM32Cryptographic_CM4.a(cmox_md.c.o)
 .text          0x08001a54      0x110 ../X-CUBE-CRYPTOLIB/Middlewares/ST/STM32_Cryptographic/lib/libSTM32Cryptographic_CM4.a(cmox_aes_common.c.o)
                0x08001a54                cmox_aesSmall_keySchedule
 .text          0x08001b64       0x9a /opt/st/stm32cubeide_1.16.0/plugins/com.st.stm32cube.ide.mcu.externaltools.gnu-tools-for-stm32.12.3.rel1.linux64_1.0.200.202406132123/tools/bin/../lib/gcc/arm-none-eabi/12.3.1/../../../../arm-none-eabi/lib/thumb/v7e-m+fp/hard/libc_nano.a(libc_a-aeabi_memset-soft.o)
                0x08001b64                __aeabi_memset
                0x08001b64                __aeabi_memset8
                0x08001b64                __aeabi_memset4
 *fill*         0x08001bfe        0x2 
 .text          0x08001c00       0xa0 /opt/st/stm32cubeide_1.16.0/plugins/com.st.stm32cube.ide.mcu.externaltools.gnu-tools-for-stm32.12.3.rel1.linux64_1.0.200.202406132123/tools/bin/../lib/gcc/arm-none-eabi/12.3.1/../../../../arm-none-eabi/lib/thumb/v7e-m+fp/hard/libc_nano.a(libc_a-memchr.o)
                0x08001c00                memchr
 .text          0x08001ca0       0x30 /opt/st/stm32cubeide_1.16.0/plugins/com.st.stm32cube.ide.mcu.externaltools.gnu-tools-for-stm32.12.3.rel1.linux64_1.0.200.202406132123/tools/bin/../lib/gcc/arm-none-eabi/12.3.1/thumb/v7e-m+fp/hard/libgcc.a(_aeabi_uldivmod.o)
                0x08001ca0                __aeabi_uldivmod
 .text          0x08001cd0      0x2bc /opt/st/stm32cubeide_1.16.0/plugins/com.st.stm32cube.ide.mcu.externaltools.gnu-tools-for-stm32.12.3.rel1.linux64_1.0.200.202406132123/tools/bin/../lib/gcc/arm-none-eabi/12.3.1/thumb/v7e-m+fp/hard/libgcc.a(_udivmoddi4.o)
                0x08001cd0                __udivmoddi4
 .text          0x08001f8c        0x4 /opt/st/stm32cubeide_1.16.0/plugins/com.st.stm32cube.ide.mcu.externaltools.gnu-tools-for-stm32.12.3.rel1.linux64_1.0.200.202406132123/tools/bin/../lib/gcc/arm-none-eabi/12.3.1/thumb/v7e-m+fp/hard/libgcc.a(_dvmd_tls.o)
                0x08001f8c                __aeabi_ldiv0
                0x08001f8c                __aeabi_idiv0
 *(.text*)
 .text.I2C_Scan
                0x08001f90       0x64 ./Core/Src/main.o
                0x08001f90                I2C_Scan
 .text.CDC_recieveCALLBACK
                0x08001ff4      0x204 ./Core/Src/main.o
                0x08001ff4                CDC_recieveCALLBACK
 .text.main     0x080021f8       0x94 ./Core/Src/main.o
                0x080021f8                main
 .text.SystemClock_Config
                0x0800228c       0xd0 ./Core/Src/main.o
                0x0800228c                SystemClock_Config
 .text.MX_CRC_Init
                0x0800235c       0x28 ./Core/Src/main.o
 .text.MX_I2C1_Init
                0x08002384       0x5c ./Core/Src/main.o
 .text.MX_RNG_Init
                0x080023e0       0x28 ./Core/Src/main.o
 .text.MX_TIM2_Init
                0x08002408       0x9c ./Core/Src/main.o
 .text.MX_GPIO_Init
                0x080024a4       0xb0 ./Core/Src/main.o
 .text.Error_Handler
                0x08002554        0xc ./Core/Src/main.o
                0x08002554                Error_Handler
 .text.HAL_MspInit
                0x08002560       0x50 ./Core/Src/stm32f4xx_hal_msp.o
                0x08002560                HAL_MspInit
 .text.HAL_CRC_MspInit
                0x080025b0       0x44 ./Core/Src/stm32f4xx_hal_msp.o
                0x080025b0                HAL_CRC_MspInit
 .text.HAL_I2C_MspInit
                0x080025f4       0x90 ./Core/Src/stm32f4xx_hal_msp.o
                0x080025f4                HAL_I2C_MspInit
 .text.HAL_RNG_MspInit
                0x08002684       0x50 ./Core/Src/stm32f4xx_hal_msp.o
                0x08002684                HAL_RNG_MspInit
 .text.HAL_TIM_Base_MspInit
                0x080026d4       0x4c ./Core/Src/stm32f4xx_hal_msp.o
                0x080026d4                HAL_TIM_Base_MspInit
 .text.NMI_Handler
                0x08002720        0x8 ./Core/Src/stm32f4xx_it.o
                0x08002720                NMI_Handler
 .text.HardFault_Handler
                0x08002728        0x8 ./Core/Src/stm32f4xx_it.o
                0x08002728                HardFault_Handler
 .text.MemManage_Handler
                0x08002730        0x8 ./Core/Src/stm32f4xx_it.o
                0x08002730                MemManage_Handler
 .text.BusFault_Handler
                0x08002738        0x8 ./Core/Src/stm32f4xx_it.o
                0x08002738                BusFault_Handler
 .text.UsageFault_Handler
                0x08002740        0x8 ./Core/Src/stm32f4xx_it.o
                0x08002740                UsageFault_Handler
 .text.SVC_Handler
                0x08002748        0xe ./Core/Src/stm32f4xx_it.o
                0x08002748                SVC_Handler
 .text.DebugMon_Handler
                0x08002756        0xe ./Core/Src/stm32f4xx_it.o
                0x08002756                DebugMon_Handler
 .text.PendSV_Handler
                0x08002764        0xe ./Core/Src/stm32f4xx_it.o
                0x08002764                PendSV_Handler
 .text.SysTick_Handler
                0x08002772        0xc ./Core/Src/stm32f4xx_it.o
                0x08002772                SysTick_Handler
 *fill*         0x0800277e        0x2 
 .text.TIM2_IRQHandler
                0x08002780       0x14 ./Core/Src/stm32f4xx_it.o
                0x08002780                TIM2_IRQHandler
 .text.OTG_FS_IRQHandler
                0x08002794       0x14 ./Core/Src/stm32f4xx_it.o
                0x08002794                OTG_FS_IRQHandler
 .text.HASH_RNG_IRQHandler
                0x080027a8       0x14 ./Core/Src/stm32f4xx_it.o
                0x080027a8                HASH_RNG_IRQHandler
 .text._read    0x080027bc       0x3a ./Core/Src/syscalls.o
                0x080027bc                _read
 .text._close   0x080027f6       0x18 ./Core/Src/syscalls.o
                0x080027f6                _close
 .text._fstat   0x0800280e       0x20 ./Core/Src/syscalls.o
                0x0800280e                _fstat
 .text._isatty  0x0800282e       0x16 ./Core/Src/syscalls.o
                0x0800282e                _isatty
 .text._lseek   0x08002844       0x1a ./Core/Src/syscalls.o
                0x08002844                _lseek
 *fill*         0x0800285e        0x2 
 .text._sbrk    0x08002860       0x6c ./Core/Src/sysmem.o
                0x08002860                _sbrk
 .text.SystemInit
                0x080028cc       0x24 ./Core/Src/system_stm32f4xx.o
                0x080028cc                SystemInit
 .text.Reset_Handler
                0x080028f0       0x50 ./Core/Startup/startup_stm32f405rgtx.o
                0x080028f0                Reset_Handler
 .text.Default_Handler
                0x08002940        0x2 ./Core/Startup/startup_stm32f405rgtx.o
                0x08002940                RTC_Alarm_IRQHandler
                0x08002940                EXTI2_IRQHandler
                0x08002940                TIM8_CC_IRQHandler
                0x08002940                TIM1_CC_IRQHandler
                0x08002940                DMA2_Stream5_IRQHandler
                0x08002940                DMA1_Stream5_IRQHandler
                0x08002940                PVD_IRQHandler
                0x08002940                SDIO_IRQHandler
                0x08002940                TAMP_STAMP_IRQHandler
                0x08002940                CAN2_RX1_IRQHandler
                0x08002940                EXTI3_IRQHandler
                0x08002940                TIM8_TRG_COM_TIM14_IRQHandler
                0x08002940                TIM1_UP_TIM10_IRQHandler
                0x08002940                TIM8_UP_TIM13_IRQHandler
                0x08002940                I2C3_ER_IRQHandler
                0x08002940                EXTI0_IRQHandler
                0x08002940                I2C2_EV_IRQHandler
                0x08002940                DMA1_Stream2_IRQHandler
                0x08002940                CAN1_RX0_IRQHandler
                0x08002940                FPU_IRQHandler
                0x08002940                OTG_HS_WKUP_IRQHandler
                0x08002940                CAN2_SCE_IRQHandler
                0x08002940                DMA2_Stream2_IRQHandler
                0x08002940                SPI1_IRQHandler
                0x08002940                TIM6_DAC_IRQHandler
                0x08002940                TIM1_BRK_TIM9_IRQHandler
                0x08002940                CAN2_RX0_IRQHandler
                0x08002940                DMA2_Stream3_IRQHandler
                0x08002940                USART6_IRQHandler
                0x08002940                USART3_IRQHandler
                0x08002940                CAN1_RX1_IRQHandler
                0x08002940                UART5_IRQHandler
                0x08002940                DMA2_Stream0_IRQHandler
                0x08002940                TIM4_IRQHandler
                0x08002940                I2C1_EV_IRQHandler
                0x08002940                DMA1_Stream6_IRQHandler
                0x08002940                DMA1_Stream1_IRQHandler
                0x08002940                UART4_IRQHandler
                0x08002940                TIM3_IRQHandler
                0x08002940                RCC_IRQHandler
                0x08002940                TIM8_BRK_TIM12_IRQHandler
                0x08002940                Default_Handler
                0x08002940                EXTI15_10_IRQHandler
                0x08002940                ADC_IRQHandler
                0x08002940                DMA1_Stream7_IRQHandler
                0x08002940                TIM7_IRQHandler
                0x08002940                CAN2_TX_IRQHandler
                0x08002940                TIM5_IRQHandler
                0x08002940                DMA2_Stream7_IRQHandler
                0x08002940                I2C3_EV_IRQHandler
                0x08002940                EXTI9_5_IRQHandler
                0x08002940                RTC_WKUP_IRQHandler
                0x08002940                SPI2_IRQHandler
                0x08002940                OTG_HS_EP1_IN_IRQHandler
                0x08002940                DMA1_Stream0_IRQHandler
                0x08002940                CAN1_TX_IRQHandler
                0x08002940                EXTI4_IRQHandler
                0x08002940                FSMC_IRQHandler
                0x08002940                OTG_HS_EP1_OUT_IRQHandler
                0x08002940                WWDG_IRQHandler
                0x08002940                OTG_FS_WKUP_IRQHandler
                0x08002940                TIM1_TRG_COM_TIM11_IRQHandler
                0x08002940                OTG_HS_IRQHandler
                0x08002940                EXTI1_IRQHandler
                0x08002940                USART2_IRQHandler
                0x08002940                I2C2_ER_IRQHandler
                0x08002940                DMA2_Stream1_IRQHandler
                0x08002940                CAN1_SCE_IRQHandler
                0x08002940                FLASH_IRQHandler
                0x08002940                DMA2_Stream4_IRQHandler
                0x08002940                USART1_IRQHandler
                0x08002940                SPI3_IRQHandler
                0x08002940                DMA1_Stream4_IRQHandler
                0x08002940                I2C1_ER_IRQHandler
                0x08002940                DMA2_Stream6_IRQHandler
                0x08002940                DMA1_Stream3_IRQHandler
 *fill*         0x08002942        0x2 
 .text.HAL_Init
                0x08002944       0x44 ./Drivers/STM32F4xx_HAL_Driver/Src/stm32f4xx_hal.o
                0x08002944                HAL_Init
 .text.HAL_InitTick
                0x08002988       0x60 ./Drivers/STM32F4xx_HAL_Driver/Src/stm32f4xx_hal.o
                0x08002988                HAL_InitTick
 .text.HAL_IncTick
                0x080029e8       0x28 ./Drivers/STM32F4xx_HAL_Driver/Src/stm32f4xx_hal.o
                0x080029e8                HAL_IncTick
 .text.HAL_GetTick
                0x08002a10       0x18 ./Drivers/STM32F4xx_HAL_Driver/Src/stm32f4xx_hal.o
                0x08002a10                HAL_GetTick
 .text.HAL_Delay
                0x08002a28       0x48 ./Drivers/STM32F4xx_HAL_Driver/Src/stm32f4xx_hal.o
                0x08002a28                HAL_Delay
 .text.__NVIC_SetPriorityGrouping
                0x08002a70       0x48 ./Drivers/STM32F4xx_HAL_Driver/Src/stm32f4xx_hal_cortex.o
 .text.__NVIC_GetPriorityGrouping
                0x08002ab8       0x1c ./Drivers/STM32F4xx_HAL_Driver/Src/stm32f4xx_hal_cortex.o
 .text.__NVIC_EnableIRQ
                0x08002ad4       0x3c ./Drivers/STM32F4xx_HAL_Driver/Src/stm32f4xx_hal_cortex.o
 .text.__NVIC_SetPriority
                0x08002b10       0x54 ./Drivers/STM32F4xx_HAL_Driver/Src/stm32f4xx_hal_cortex.o
 .text.NVIC_EncodePriority
                0x08002b64       0x66 ./Drivers/STM32F4xx_HAL_Driver/Src/stm32f4xx_hal_cortex.o
 *fill*         0x08002bca        0x2 
 .text.SysTick_Config
                0x08002bcc       0x44 ./Drivers/STM32F4xx_HAL_Driver/Src/stm32f4xx_hal_cortex.o
 .text.HAL_NVIC_SetPriorityGrouping
                0x08002c10       0x16 ./Drivers/STM32F4xx_HAL_Driver/Src/stm32f4xx_hal_cortex.o
                0x08002c10                HAL_NVIC_SetPriorityGrouping
 .text.HAL_NVIC_SetPriority
                0x08002c26       0x38 ./Drivers/STM32F4xx_HAL_Driver/Src/stm32f4xx_hal_cortex.o
                0x08002c26                HAL_NVIC_SetPriority
 .text.HAL_NVIC_EnableIRQ
                0x08002c5e       0x1c ./Drivers/STM32F4xx_HAL_Driver/Src/stm32f4xx_hal_cortex.o
                0x08002c5e                HAL_NVIC_EnableIRQ
 .text.HAL_SYSTICK_Config
                0x08002c7a       0x18 ./Drivers/STM32F4xx_HAL_Driver/Src/stm32f4xx_hal_cortex.o
                0x08002c7a                HAL_SYSTICK_Config
 .text.HAL_CRC_Init
                0x08002c92       0x38 ./Drivers/STM32F4xx_HAL_Driver/Src/stm32f4xx_hal_crc.o
                0x08002c92                HAL_CRC_Init
 *fill*         0x08002cca        0x2 
 .text.HAL_FLASH_Program
                0x08002ccc       0xa8 ./Drivers/STM32F4xx_HAL_Driver/Src/stm32f4xx_hal_flash.o
                0x08002ccc                HAL_FLASH_Program
 .text.HAL_FLASH_Unlock
                0x08002d74       0x44 ./Drivers/STM32F4xx_HAL_Driver/Src/stm32f4xx_hal_flash.o
                0x08002d74                HAL_FLASH_Unlock
 .text.HAL_FLASH_Lock
                0x08002db8       0x20 ./Drivers/STM32F4xx_HAL_Driver/Src/stm32f4xx_hal_flash.o
                0x08002db8                HAL_FLASH_Lock
 .text.FLASH_WaitForLastOperation
                0x08002dd8       0x80 ./Drivers/STM32F4xx_HAL_Driver/Src/stm32f4xx_hal_flash.o
                0x08002dd8                FLASH_WaitForLastOperation
 .text.FLASH_Program_DoubleWord
                0x08002e58       0x64 ./Drivers/STM32F4xx_HAL_Driver/Src/stm32f4xx_hal_flash.o
 .text.FLASH_Program_Word
                0x08002ebc       0x44 ./Drivers/STM32F4xx_HAL_Driver/Src/stm32f4xx_hal_flash.o
 .text.FLASH_Program_HalfWord
                0x08002f00       0x48 ./Drivers/STM32F4xx_HAL_Driver/Src/stm32f4xx_hal_flash.o
 .text.FLASH_Program_Byte
                0x08002f48       0x44 ./Drivers/STM32F4xx_HAL_Driver/Src/stm32f4xx_hal_flash.o
 .text.FLASH_SetErrorCode
                0x08002f8c       0xac ./Drivers/STM32F4xx_HAL_Driver/Src/stm32f4xx_hal_flash.o
 .text.FLASH_Erase_Sector
                0x08003038       0x90 ./Drivers/STM32F4xx_HAL_Driver/Src/stm32f4xx_hal_flash_ex.o
                0x08003038                FLASH_Erase_Sector
 .text.HAL_GPIO_Init
                0x080030c8      0x338 ./Drivers/STM32F4xx_HAL_Driver/Src/stm32f4xx_hal_gpio.o
                0x080030c8                HAL_GPIO_Init
 .text.HAL_GPIO_ReadPin
                0x08003400       0x30 ./Drivers/STM32F4xx_HAL_Driver/Src/stm32f4xx_hal_gpio.o
                0x08003400                HAL_GPIO_ReadPin
 .text.HAL_I2C_Init
                0x08003430      0x288 ./Drivers/STM32F4xx_HAL_Driver/Src/stm32f4xx_hal_i2c.o
                0x08003430                HAL_I2C_Init
 .text.HAL_I2C_Mem_Write
                0x080036b8      0x1f4 ./Drivers/STM32F4xx_HAL_Driver/Src/stm32f4xx_hal_i2c.o
                0x080036b8                HAL_I2C_Mem_Write
 .text.HAL_I2C_IsDeviceReady
                0x080038ac      0x25c ./Drivers/STM32F4xx_HAL_Driver/Src/stm32f4xx_hal_i2c.o
                0x080038ac                HAL_I2C_IsDeviceReady
 .text.I2C_RequestMemoryWrite
                0x08003b08      0x12c ./Drivers/STM32F4xx_HAL_Driver/Src/stm32f4xx_hal_i2c.o
 .text.I2C_WaitOnFlagUntilTimeout
                0x08003c34       0xf4 ./Drivers/STM32F4xx_HAL_Driver/Src/stm32f4xx_hal_i2c.o
 .text.I2C_WaitOnMasterAddressFlagUntilTimeout
                0x08003d28      0x140 ./Drivers/STM32F4xx_HAL_Driver/Src/stm32f4xx_hal_i2c.o
 .text.I2C_WaitOnTXEFlagUntilTimeout
                0x08003e68       0x90 ./Drivers/STM32F4xx_HAL_Driver/Src/stm32f4xx_hal_i2c.o
 .text.I2C_WaitOnBTFFlagUntilTimeout
                0x08003ef8       0x90 ./Drivers/STM32F4xx_HAL_Driver/Src/stm32f4xx_hal_i2c.o
 .text.I2C_IsAcknowledgeFailed
                0x08003f88       0x5e ./Drivers/STM32F4xx_HAL_Driver/Src/stm32f4xx_hal_i2c.o
 .text.HAL_PCD_Init
                0x08003fe6      0x21e ./Drivers/STM32F4xx_HAL_Driver/Src/stm32f4xx_hal_pcd.o
                0x08003fe6                HAL_PCD_Init
 .text.HAL_PCD_Start
                0x08004204       0x6a ./Drivers/STM32F4xx_HAL_Driver/Src/stm32f4xx_hal_pcd.o
                0x08004204                HAL_PCD_Start
 .text.HAL_PCD_IRQHandler
                0x0800426e      0x942 ./Drivers/STM32F4xx_HAL_Driver/Src/stm32f4xx_hal_pcd.o
                0x0800426e                HAL_PCD_IRQHandler
 .text.HAL_PCD_SetAddress
                0x08004bb0       0x48 ./Drivers/STM32F4xx_HAL_Driver/Src/stm32f4xx_hal_pcd.o
                0x08004bb0                HAL_PCD_SetAddress
 .text.HAL_PCD_EP_Open
                0x08004bf8       0xd4 ./Drivers/STM32F4xx_HAL_Driver/Src/stm32f4xx_hal_pcd.o
                0x08004bf8                HAL_PCD_EP_Open
 .text.HAL_PCD_EP_Close
                0x08004ccc       0x94 ./Drivers/STM32F4xx_HAL_Driver/Src/stm32f4xx_hal_pcd.o
                0x08004ccc                HAL_PCD_EP_Close
 .text.HAL_PCD_EP_Receive
                0x08004d60       0x76 ./Drivers/STM32F4xx_HAL_Driver/Src/stm32f4xx_hal_pcd.o
                0x08004d60                HAL_PCD_EP_Receive
 .text.HAL_PCD_EP_GetRxCount
                0x08004dd6       0x30 ./Drivers/STM32F4xx_HAL_Driver/Src/stm32f4xx_hal_pcd.o
                0x08004dd6                HAL_PCD_EP_GetRxCount
 .text.HAL_PCD_EP_Transmit
                0x08004e06       0x74 ./Drivers/STM32F4xx_HAL_Driver/Src/stm32f4xx_hal_pcd.o
                0x08004e06                HAL_PCD_EP_Transmit
 .text.HAL_PCD_EP_SetStall
                0x08004e7a       0xc6 ./Drivers/STM32F4xx_HAL_Driver/Src/stm32f4xx_hal_pcd.o
                0x08004e7a                HAL_PCD_EP_SetStall
 .text.HAL_PCD_EP_ClrStall
                0x08004f40       0xac ./Drivers/STM32F4xx_HAL_Driver/Src/stm32f4xx_hal_pcd.o
                0x08004f40                HAL_PCD_EP_ClrStall
 .text.HAL_PCD_EP_Abort
                0x08004fec       0x62 ./Drivers/STM32F4xx_HAL_Driver/Src/stm32f4xx_hal_pcd.o
                0x08004fec                HAL_PCD_EP_Abort
 .text.PCD_WriteEmptyTxFifo
                0x0800504e      0x118 ./Drivers/STM32F4xx_HAL_Driver/Src/stm32f4xx_hal_pcd.o
 *fill*         0x08005166        0x2 
 .text.PCD_EP_OutXfrComplete_int
                0x08005168      0x1d0 ./Drivers/STM32F4xx_HAL_Driver/Src/stm32f4xx_hal_pcd.o
 .text.PCD_EP_OutSetupPacket_int
                0x08005338       0x8c ./Drivers/STM32F4xx_HAL_Driver/Src/stm32f4xx_hal_pcd.o
 .text.HAL_PCDEx_SetTxFiFo
                0x080053c4       0x8e ./Drivers/STM32F4xx_HAL_Driver/Src/stm32f4xx_hal_pcd_ex.o
                0x080053c4                HAL_PCDEx_SetTxFiFo
 .text.HAL_PCDEx_SetRxFiFo
                0x08005452       0x22 ./Drivers/STM32F4xx_HAL_Driver/Src/stm32f4xx_hal_pcd_ex.o
                0x08005452                HAL_PCDEx_SetRxFiFo
 .text.HAL_PCDEx_LPM_Callback
                0x08005474       0x18 ./Drivers/STM32F4xx_HAL_Driver/Src/stm32f4xx_hal_pcd_ex.o
                0x08005474                HAL_PCDEx_LPM_Callback
 .text.HAL_RCC_OscConfig
                0x0800548c      0x4f0 ./Drivers/STM32F4xx_HAL_Driver/Src/stm32f4xx_hal_rcc.o
                0x0800548c                HAL_RCC_OscConfig
 .text.HAL_RCC_ClockConfig
                0x0800597c      0x1cc ./Drivers/STM32F4xx_HAL_Driver/Src/stm32f4xx_hal_rcc.o
                0x0800597c                HAL_RCC_ClockConfig
 .text.HAL_RCC_GetSysClockFreq
                0x08005b48      0x20c ./Drivers/STM32F4xx_HAL_Driver/Src/stm32f4xx_hal_rcc.o
                0x08005b48                HAL_RCC_GetSysClockFreq
 .text.HAL_RCC_GetHCLKFreq
                0x08005d54       0x18 ./Drivers/STM32F4xx_HAL_Driver/Src/stm32f4xx_hal_rcc.o
                0x08005d54                HAL_RCC_GetHCLKFreq
 .text.HAL_RCC_GetPCLK1Freq
                0x08005d6c       0x28 ./Drivers/STM32F4xx_HAL_Driver/Src/stm32f4xx_hal_rcc.o
                0x08005d6c                HAL_RCC_GetPCLK1Freq
 .text.HAL_RNG_Init
                0x08005d94       0x54 ./Drivers/STM32F4xx_HAL_Driver/Src/stm32f4xx_hal_rng.o
                0x08005d94                HAL_RNG_Init
 .text.HAL_RNG_GenerateRandomNumber_IT
                0x08005de8       0x5e ./Drivers/STM32F4xx_HAL_Driver/Src/stm32f4xx_hal_rng.o
                0x08005de8                HAL_RNG_GenerateRandomNumber_IT
 .text.HAL_RNG_IRQHandler
                0x08005e46       0xa8 ./Drivers/STM32F4xx_HAL_Driver/Src/stm32f4xx_hal_rng.o
                0x08005e46                HAL_RNG_IRQHandler
 .text.HAL_RNG_ReadLastRandomNumber
                0x08005eee       0x18 ./Drivers/STM32F4xx_HAL_Driver/Src/stm32f4xx_hal_rng.o
                0x08005eee                HAL_RNG_ReadLastRandomNumber
 .text.HAL_RNG_ErrorCallback
                0x08005f06       0x14 ./Drivers/STM32F4xx_HAL_Driver/Src/stm32f4xx_hal_rng.o
                0x08005f06                HAL_RNG_ErrorCallback
 .text.HAL_TIM_Base_Init
                0x08005f1a       0x9e ./Drivers/STM32F4xx_HAL_Driver/Src/stm32f4xx_hal_tim.o
                0x08005f1a                HAL_TIM_Base_Init
 .text.HAL_TIM_Base_Start_IT
                0x08005fb8       0xe0 ./Drivers/STM32F4xx_HAL_Driver/Src/stm32f4xx_hal_tim.o
                0x08005fb8                HAL_TIM_Base_Start_IT
 .text.HAL_TIM_IRQHandler
                0x08006098      0x1e0 ./Drivers/STM32F4xx_HAL_Driver/Src/stm32f4xx_hal_tim.o
                0x08006098                HAL_TIM_IRQHandler
 .text.HAL_TIM_ConfigClockSource
                0x08006278      0x18e ./Drivers/STM32F4xx_HAL_Driver/Src/stm32f4xx_hal_tim.o
                0x08006278                HAL_TIM_ConfigClockSource
 .text.HAL_TIM_OC_DelayElapsedCallback
                0x08006406       0x14 ./Drivers/STM32F4xx_HAL_Driver/Src/stm32f4xx_hal_tim.o
                0x08006406                HAL_TIM_OC_DelayElapsedCallback
 .text.HAL_TIM_IC_CaptureCallback
                0x0800641a       0x14 ./Drivers/STM32F4xx_HAL_Driver/Src/stm32f4xx_hal_tim.o
                0x0800641a                HAL_TIM_IC_CaptureCallback
 .text.HAL_TIM_PWM_PulseFinishedCallback
                0x0800642e       0x14 ./Drivers/STM32F4xx_HAL_Driver/Src/stm32f4xx_hal_tim.o
                0x0800642e                HAL_TIM_PWM_PulseFinishedCallback
 .text.HAL_TIM_TriggerCallback
                0x08006442       0x14 ./Drivers/STM32F4xx_HAL_Driver/Src/stm32f4xx_hal_tim.o
                0x08006442                HAL_TIM_TriggerCallback
 *fill*         0x08006456        0x2 
 .text.TIM_Base_SetConfig
                0x08006458      0x158 ./Drivers/STM32F4xx_HAL_Driver/Src/stm32f4xx_hal_tim.o
                0x08006458                TIM_Base_SetConfig
 .text.TIM_TI1_ConfigInputStage
                0x080065b0       0x5e ./Drivers/STM32F4xx_HAL_Driver/Src/stm32f4xx_hal_tim.o
 .text.TIM_TI2_ConfigInputStage
                0x0800660e       0x60 ./Drivers/STM32F4xx_HAL_Driver/Src/stm32f4xx_hal_tim.o
 .text.TIM_ITRx_SetConfig
                0x0800666e       0x36 ./Drivers/STM32F4xx_HAL_Driver/Src/stm32f4xx_hal_tim.o
 .text.TIM_ETR_SetConfig
                0x080066a4       0x40 ./Drivers/STM32F4xx_HAL_Driver/Src/stm32f4xx_hal_tim.o
                0x080066a4                TIM_ETR_SetConfig
 .text.HAL_TIMEx_MasterConfigSynchronization
                0x080066e4       0xf8 ./Drivers/STM32F4xx_HAL_Driver/Src/stm32f4xx_hal_tim_ex.o
                0x080066e4                HAL_TIMEx_MasterConfigSynchronization
 .text.HAL_TIMEx_CommutCallback
                0x080067dc       0x14 ./Drivers/STM32F4xx_HAL_Driver/Src/stm32f4xx_hal_tim_ex.o
                0x080067dc                HAL_TIMEx_CommutCallback
 .text.HAL_TIMEx_BreakCallback
                0x080067f0       0x14 ./Drivers/STM32F4xx_HAL_Driver/Src/stm32f4xx_hal_tim_ex.o
                0x080067f0                HAL_TIMEx_BreakCallback
 .text.USB_CoreInit
                0x08006804       0xc8 ./Drivers/STM32F4xx_HAL_Driver/Src/stm32f4xx_ll_usb.o
                0x08006804                USB_CoreInit
 .text.USB_SetTurnaroundTime
                0x080068cc      0x144 ./Drivers/STM32F4xx_HAL_Driver/Src/stm32f4xx_ll_usb.o
                0x080068cc                USB_SetTurnaroundTime
 .text.USB_EnableGlobalInt
                0x08006a10       0x22 ./Drivers/STM32F4xx_HAL_Driver/Src/stm32f4xx_ll_usb.o
                0x08006a10                USB_EnableGlobalInt
 .text.USB_DisableGlobalInt
                0x08006a32       0x22 ./Drivers/STM32F4xx_HAL_Driver/Src/stm32f4xx_ll_usb.o
                0x08006a32                USB_DisableGlobalInt
 .text.USB_SetCurrentMode
                0x08006a54       0x98 ./Drivers/STM32F4xx_HAL_Driver/Src/stm32f4xx_ll_usb.o
                0x08006a54                USB_SetCurrentMode
 .text.USB_DevInit
                0x08006aec      0x2c8 ./Drivers/STM32F4xx_HAL_Driver/Src/stm32f4xx_ll_usb.o
                0x08006aec                USB_DevInit
 .text.USB_FlushTxFifo
                0x08006db4       0x64 ./Drivers/STM32F4xx_HAL_Driver/Src/stm32f4xx_ll_usb.o
                0x08006db4                USB_FlushTxFifo
 .text.USB_FlushRxFifo
                0x08006e18       0x5c ./Drivers/STM32F4xx_HAL_Driver/Src/stm32f4xx_ll_usb.o
                0x08006e18                USB_FlushRxFifo
 .text.USB_SetDevSpeed
                0x08006e74       0x32 ./Drivers/STM32F4xx_HAL_Driver/Src/stm32f4xx_ll_usb.o
                0x08006e74                USB_SetDevSpeed
 .text.USB_GetDevSpeed
                0x08006ea6       0x4a ./Drivers/STM32F4xx_HAL_Driver/Src/stm32f4xx_ll_usb.o
                0x08006ea6                USB_GetDevSpeed
 .text.USB_ActivateEndpoint
                0x08006ef0      0x10e ./Drivers/STM32F4xx_HAL_Driver/Src/stm32f4xx_ll_usb.o
                0x08006ef0                USB_ActivateEndpoint
 *fill*         0x08006ffe        0x2 
 .text.USB_DeactivateEndpoint
                0x08007000      0x1b8 ./Drivers/STM32F4xx_HAL_Driver/Src/stm32f4xx_ll_usb.o
                0x08007000                USB_DeactivateEndpoint
 .text.USB_EPStartXfer
                0x080071b8      0x53c ./Drivers/STM32F4xx_HAL_Driver/Src/stm32f4xx_ll_usb.o
                0x080071b8                USB_EPStartXfer
 .text.USB_EPStopXfer
                0x080076f4      0x154 ./Drivers/STM32F4xx_HAL_Driver/Src/stm32f4xx_ll_usb.o
                0x080076f4                USB_EPStopXfer
 .text.USB_WritePacket
                0x08007848       0x7c ./Drivers/STM32F4xx_HAL_Driver/Src/stm32f4xx_ll_usb.o
                0x08007848                USB_WritePacket
 .text.USB_ReadPacket
                0x080078c4       0xb0 ./Drivers/STM32F4xx_HAL_Driver/Src/stm32f4xx_ll_usb.o
                0x080078c4                USB_ReadPacket
 .text.USB_EPSetStall
                0x08007974       0xdc ./Drivers/STM32F4xx_HAL_Driver/Src/stm32f4xx_ll_usb.o
                0x08007974                USB_EPSetStall
 .text.USB_EPClearStall
                0x08007a50       0xcc ./Drivers/STM32F4xx_HAL_Driver/Src/stm32f4xx_ll_usb.o
                0x08007a50                USB_EPClearStall
 .text.USB_SetDevAddress
                0x08007b1c       0x4c ./Drivers/STM32F4xx_HAL_Driver/Src/stm32f4xx_ll_usb.o
                0x08007b1c                USB_SetDevAddress
 .text.USB_DevConnect
                0x08007b68       0x42 ./Drivers/STM32F4xx_HAL_Driver/Src/stm32f4xx_ll_usb.o
                0x08007b68                USB_DevConnect
 .text.USB_DevDisconnect
                0x08007baa       0x42 ./Drivers/STM32F4xx_HAL_Driver/Src/stm32f4xx_ll_usb.o
                0x08007baa                USB_DevDisconnect
 .text.USB_ReadInterrupts
                0x08007bec       0x26 ./Drivers/STM32F4xx_HAL_Driver/Src/stm32f4xx_ll_usb.o
                0x08007bec                USB_ReadInterrupts
 .text.USB_ReadDevAllOutEpInterrupt
                0x08007c12       0x34 ./Drivers/STM32F4xx_HAL_Driver/Src/stm32f4xx_ll_usb.o
                0x08007c12                USB_ReadDevAllOutEpInterrupt
 .text.USB_ReadDevAllInEpInterrupt
                0x08007c46       0x34 ./Drivers/STM32F4xx_HAL_Driver/Src/stm32f4xx_ll_usb.o
                0x08007c46                USB_ReadDevAllInEpInterrupt
 .text.USB_ReadDevOutEPInterrupt
                0x08007c7a       0x3c ./Drivers/STM32F4xx_HAL_Driver/Src/stm32f4xx_ll_usb.o
                0x08007c7a                USB_ReadDevOutEPInterrupt
 .text.USB_ReadDevInEPInterrupt
                0x08007cb6       0x5c ./Drivers/STM32F4xx_HAL_Driver/Src/stm32f4xx_ll_usb.o
                0x08007cb6                USB_ReadDevInEPInterrupt
 .text.USB_GetMode
                0x08007d12       0x1c ./Drivers/STM32F4xx_HAL_Driver/Src/stm32f4xx_ll_usb.o
                0x08007d12                USB_GetMode
 .text.USB_ActivateSetup
                0x08007d2e       0x46 ./Drivers/STM32F4xx_HAL_Driver/Src/stm32f4xx_ll_usb.o
                0x08007d2e                USB_ActivateSetup
 .text.USB_EP0_OutStart
                0x08007d74       0xbc ./Drivers/STM32F4xx_HAL_Driver/Src/stm32f4xx_ll_usb.o
                0x08007d74                USB_EP0_OutStart
 .text.USB_CoreReset
                0x08007e30       0x62 ./Drivers/STM32F4xx_HAL_Driver/Src/stm32f4xx_ll_usb.o
 *fill*         0x08007e92        0x2 
 .text.MY_FLASH_EraseSector
                0x08007e94       0x20 ./Libraries/Src/MY_FLASH.o
 .text.MY_FLASH_SetSectorAddrs
                0x08007eb4       0x2c ./Libraries/Src/MY_FLASH.o
                0x08007eb4                MY_FLASH_SetSectorAddrs
 .text.MY_FLASH_WriteN
                0x08007ee0       0xf4 ./Libraries/Src/MY_FLASH.o
                0x08007ee0                MY_FLASH_WriteN
 .text.MY_FLASH_ReadN
                0x08007fd4       0xb8 ./Libraries/Src/MY_FLASH.o
                0x08007fd4                MY_FLASH_ReadN
 .text.write_flash
                0x0800808c       0xa0 ./Libraries/Src/MY_FLASH.o
                0x0800808c                write_flash
 .text.ssd1306_clear
                0x0800812c       0x12 ./Libraries/Src/ssd1306.o
                0x0800812c                ssd1306_clear
 .text.ssd1306_Reset
                0x0800813e        0xe ./Libraries/Src/ssd1306.o
                0x0800813e                ssd1306_Reset
 .text.ssd1306_WriteCommand
                0x0800814c       0x30 ./Libraries/Src/ssd1306.o
                0x0800814c                ssd1306_WriteCommand
 .text.ssd1306_WriteData
                0x0800817c       0x34 ./Libraries/Src/ssd1306.o
                0x0800817c                ssd1306_WriteData
 .text.ssd1306_Init
                0x080081b0       0xd4 ./Libraries/Src/ssd1306.o
                0x080081b0                ssd1306_Init
 .text.ssd1306_Fill
                0x08008284       0x30 ./Libraries/Src/ssd1306.o
                0x08008284                ssd1306_Fill
 .text.ssd1306_UpdateScreen
                0x080082b4       0x50 ./Libraries/Src/ssd1306.o
                0x080082b4                ssd1306_UpdateScreen
 .text.ssd1306_DrawPixel
                0x08008304       0xa8 ./Libraries/Src/ssd1306.o
                0x08008304                ssd1306_DrawPixel
 .text.ssd1306_WriteChar
                0x080083ac      0x120 ./Libraries/Src/ssd1306.o
                0x080083ac                ssd1306_WriteChar
 .text.ssd1306_WriteString
                0x080084cc       0x4c ./Libraries/Src/ssd1306.o
                0x080084cc                ssd1306_WriteString
 .text.ssd1306_SetCursor
                0x08008518       0x30 ./Libraries/Src/ssd1306.o
                0x08008518                ssd1306_SetCursor
 .text.ssd1306_Line
                0x08008548       0xd8 ./Libraries/Src/ssd1306.o
                0x08008548                ssd1306_Line
 .text.ssd1306_FillRectangle
                0x08008620       0x9c ./Libraries/Src/ssd1306.o
                0x08008620                ssd1306_FillRectangle
 .text.ssd1306_SetContrast
                0x080086bc       0x26 ./Libraries/Src/ssd1306.o
                0x080086bc                ssd1306_SetContrast
 *fill*         0x080086e2        0x2 
 .text.ssd1306_SetDisplayOn
                0x080086e4       0x3c ./Libraries/Src/ssd1306.o
                0x080086e4                ssd1306_SetDisplayOn
 .text.USBD_CDC_Init
                0x08008720      0x1f0 ./Middlewares/ST/STM32_USB_Device_Library/Class/CDC/Src/usbd_cdc.o
 .text.USBD_CDC_DeInit
                0x08008910      0x104 ./Middlewares/ST/STM32_USB_Device_Library/Class/CDC/Src/usbd_cdc.o
 .text.USBD_CDC_Setup
                0x08008a14      0x1b8 ./Middlewares/ST/STM32_USB_Device_Library/Class/CDC/Src/usbd_cdc.o
 .text.USBD_CDC_DataIn
                0x08008bcc       0xfe ./Middlewares/ST/STM32_USB_Device_Library/Class/CDC/Src/usbd_cdc.o
 .text.USBD_CDC_DataOut
                0x08008cca       0x70 ./Middlewares/ST/STM32_USB_Device_Library/Class/CDC/Src/usbd_cdc.o
 .text.USBD_CDC_EP0_RxReady
                0x08008d3a       0x74 ./Middlewares/ST/STM32_USB_Device_Library/Class/CDC/Src/usbd_cdc.o
 *fill*         0x08008dae        0x2 
 .text.USBD_CDC_GetFSCfgDesc
                0x08008db0       0x70 ./Middlewares/ST/STM32_USB_Device_Library/Class/CDC/Src/usbd_cdc.o
 .text.USBD_CDC_GetHSCfgDesc
                0x08008e20       0x70 ./Middlewares/ST/STM32_USB_Device_Library/Class/CDC/Src/usbd_cdc.o
 .text.USBD_CDC_GetOtherSpeedCfgDesc
                0x08008e90       0x70 ./Middlewares/ST/STM32_USB_Device_Library/Class/CDC/Src/usbd_cdc.o
 .text.USBD_CDC_GetDeviceQualifierDescriptor
                0x08008f00       0x20 ./Middlewares/ST/STM32_USB_Device_Library/Class/CDC/Src/usbd_cdc.o
                0x08008f00                USBD_CDC_GetDeviceQualifierDescriptor
 .text.USBD_CDC_RegisterInterface
                0x08008f20       0x34 ./Middlewares/ST/STM32_USB_Device_Library/Class/CDC/Src/usbd_cdc.o
                0x08008f20                USBD_CDC_RegisterInterface
 .text.USBD_CDC_SetTxBuffer
                0x08008f54       0x44 ./Middlewares/ST/STM32_USB_Device_Library/Class/CDC/Src/usbd_cdc.o
                0x08008f54                USBD_CDC_SetTxBuffer
 .text.USBD_CDC_SetRxBuffer
                0x08008f98       0x3a ./Middlewares/ST/STM32_USB_Device_Library/Class/CDC/Src/usbd_cdc.o
                0x08008f98                USBD_CDC_SetRxBuffer
 *fill*         0x08008fd2        0x2 
 .text.USBD_CDC_TransmitPacket
                0x08008fd4       0x80 ./Middlewares/ST/STM32_USB_Device_Library/Class/CDC/Src/usbd_cdc.o
                0x08008fd4                USBD_CDC_TransmitPacket
 .text.USBD_CDC_ReceivePacket
                0x08009054       0x6c ./Middlewares/ST/STM32_USB_Device_Library/Class/CDC/Src/usbd_cdc.o
                0x08009054                USBD_CDC_ReceivePacket
 .text.USBD_Init
                0x080090c0       0x60 ./Middlewares/ST/STM32_USB_Device_Library/Core/Src/usbd_core.o
                0x080090c0                USBD_Init
 .text.USBD_RegisterClass
                0x08009120       0x6c ./Middlewares/ST/STM32_USB_Device_Library/Core/Src/usbd_core.o
                0x08009120                USBD_RegisterClass
 .text.USBD_Start
                0x0800918c       0x18 ./Middlewares/ST/STM32_USB_Device_Library/Core/Src/usbd_core.o
                0x0800918c                USBD_Start
 .text.USBD_RunTestMode
                0x080091a4       0x16 ./Middlewares/ST/STM32_USB_Device_Library/Core/Src/usbd_core.o
                0x080091a4                USBD_RunTestMode
 .text.USBD_SetClassConfig
                0x080091ba       0x38 ./Middlewares/ST/STM32_USB_Device_Library/Core/Src/usbd_core.o
                0x080091ba                USBD_SetClassConfig
 .text.USBD_ClrClassConfig
                0x080091f2       0x34 ./Middlewares/ST/STM32_USB_Device_Library/Core/Src/usbd_core.o
                0x080091f2                USBD_ClrClassConfig
 .text.USBD_LL_SetupStage
                0x08009226       0xaa ./Middlewares/ST/STM32_USB_Device_Library/Core/Src/usbd_core.o
                0x08009226                USBD_LL_SetupStage
 .text.USBD_LL_DataOutStage
                0x080092d0      0x166 ./Middlewares/ST/STM32_USB_Device_Library/Core/Src/usbd_core.o
                0x080092d0                USBD_LL_DataOutStage
 .text.USBD_LL_DataInStage
                0x08009436      0x164 ./Middlewares/ST/STM32_USB_Device_Library/Core/Src/usbd_core.o
                0x08009436                USBD_LL_DataInStage
 .text.USBD_LL_Reset
                0x0800959a       0xa4 ./Middlewares/ST/STM32_USB_Device_Library/Core/Src/usbd_core.o
                0x0800959a                USBD_LL_Reset
 .text.USBD_LL_SetSpeed
                0x0800963e       0x20 ./Middlewares/ST/STM32_USB_Device_Library/Core/Src/usbd_core.o
                0x0800963e                USBD_LL_SetSpeed
 .text.USBD_LL_Suspend
                0x0800965e       0x38 ./Middlewares/ST/STM32_USB_Device_Library/Core/Src/usbd_core.o
                0x0800965e                USBD_LL_Suspend
 .text.USBD_LL_Resume
                0x08009696       0x30 ./Middlewares/ST/STM32_USB_Device_Library/Core/Src/usbd_core.o
                0x08009696                USBD_LL_Resume
 .text.USBD_LL_SOF
                0x080096c6       0x40 ./Middlewares/ST/STM32_USB_Device_Library/Core/Src/usbd_core.o
                0x080096c6                USBD_LL_SOF
 .text.USBD_LL_IsoINIncomplete
                0x08009706       0x64 ./Middlewares/ST/STM32_USB_Device_Library/Core/Src/usbd_core.o
                0x08009706                USBD_LL_IsoINIncomplete
 .text.USBD_LL_IsoOUTIncomplete
                0x0800976a       0x64 ./Middlewares/ST/STM32_USB_Device_Library/Core/Src/usbd_core.o
                0x0800976a                USBD_LL_IsoOUTIncomplete
 .text.USBD_LL_DevConnected
                0x080097ce       0x16 ./Middlewares/ST/STM32_USB_Device_Library/Core/Src/usbd_core.o
                0x080097ce                USBD_LL_DevConnected
 .text.USBD_LL_DevDisconnected
                0x080097e4       0x46 ./Middlewares/ST/STM32_USB_Device_Library/Core/Src/usbd_core.o
                0x080097e4                USBD_LL_DevDisconnected
 .text.USBD_CoreFindIF
                0x0800982a       0x1a ./Middlewares/ST/STM32_USB_Device_Library/Core/Src/usbd_core.o
                0x0800982a                USBD_CoreFindIF
 .text.USBD_CoreFindEP
                0x08009844       0x1a ./Middlewares/ST/STM32_USB_Device_Library/Core/Src/usbd_core.o
                0x08009844                USBD_CoreFindEP
 .text.USBD_GetEpDesc
                0x0800985e       0x70 ./Middlewares/ST/STM32_USB_Device_Library/Core/Src/usbd_core.o
                0x0800985e                USBD_GetEpDesc
 .text.USBD_GetNextDesc
                0x080098ce       0x38 ./Middlewares/ST/STM32_USB_Device_Library/Core/Src/usbd_core.o
                0x080098ce                USBD_GetNextDesc
 .text.SWAPBYTE
                0x08009906       0x3c ./Middlewares/ST/STM32_USB_Device_Library/Core/Src/usbd_ctlreq.o
 *fill*         0x08009942        0x2 
 .text.USBD_StdDevReq
                0x08009944       0xe4 ./Middlewares/ST/STM32_USB_Device_Library/Core/Src/usbd_ctlreq.o
                0x08009944                USBD_StdDevReq
 .text.USBD_StdItfReq
                0x08009a28       0xd8 ./Middlewares/ST/STM32_USB_Device_Library/Core/Src/usbd_ctlreq.o
                0x08009a28                USBD_StdItfReq
 .text.USBD_StdEPReq
                0x08009b00      0x33a ./Middlewares/ST/STM32_USB_Device_Library/Core/Src/usbd_ctlreq.o
                0x08009b00                USBD_StdEPReq
 *fill*         0x08009e3a        0x2 
 .text.USBD_GetDescriptor
                0x08009e3c      0x2d4 ./Middlewares/ST/STM32_USB_Device_Library/Core/Src/usbd_ctlreq.o
 .text.USBD_SetAddress
                0x0800a110       0x88 ./Middlewares/ST/STM32_USB_Device_Library/Core/Src/usbd_ctlreq.o
 .text.USBD_SetConfig
                0x0800a198      0x154 ./Middlewares/ST/STM32_USB_Device_Library/Core/Src/usbd_ctlreq.o
 .text.USBD_GetConfig
                0x0800a2ec       0x6c ./Middlewares/ST/STM32_USB_Device_Library/Core/Src/usbd_ctlreq.o
 .text.USBD_GetStatus
                0x0800a358       0x68 ./Middlewares/ST/STM32_USB_Device_Library/Core/Src/usbd_ctlreq.o
 .text.USBD_SetFeature
                0x0800a3c0       0x52 ./Middlewares/ST/STM32_USB_Device_Library/Core/Src/usbd_ctlreq.o
 .text.USBD_ClrFeature
                0x0800a412       0x44 ./Middlewares/ST/STM32_USB_Device_Library/Core/Src/usbd_ctlreq.o
 .text.USBD_ParseSetupRequest
                0x0800a456       0x74 ./Middlewares/ST/STM32_USB_Device_Library/Core/Src/usbd_ctlreq.o
                0x0800a456                USBD_ParseSetupRequest
 .text.USBD_CtlError
                0x0800a4ca       0x22 ./Middlewares/ST/STM32_USB_Device_Library/Core/Src/usbd_ctlreq.o
                0x0800a4ca                USBD_CtlError
 .text.USBD_GetString
                0x0800a4ec       0xa4 ./Middlewares/ST/STM32_USB_Device_Library/Core/Src/usbd_ctlreq.o
                0x0800a4ec                USBD_GetString
 .text.USBD_GetLen
                0x0800a590       0x34 ./Middlewares/ST/STM32_USB_Device_Library/Core/Src/usbd_ctlreq.o
 .text.USBD_CtlSendData
                0x0800a5c4       0x36 ./Middlewares/ST/STM32_USB_Device_Library/Core/Src/usbd_ioreq.o
                0x0800a5c4                USBD_CtlSendData
 .text.USBD_CtlContinueSendData
                0x0800a5fa       0x22 ./Middlewares/ST/STM32_USB_Device_Library/Core/Src/usbd_ioreq.o
                0x0800a5fa                USBD_CtlContinueSendData
 .text.USBD_CtlPrepareRx
                0x0800a61c       0x3a ./Middlewares/ST/STM32_USB_Device_Library/Core/Src/usbd_ioreq.o
                0x0800a61c                USBD_CtlPrepareRx
 .text.USBD_CtlContinueRx
                0x0800a656       0x22 ./Middlewares/ST/STM32_USB_Device_Library/Core/Src/usbd_ioreq.o
                0x0800a656                USBD_CtlContinueRx
 .text.USBD_CtlSendStatus
                0x0800a678       0x26 ./Middlewares/ST/STM32_USB_Device_Library/Core/Src/usbd_ioreq.o
                0x0800a678                USBD_CtlSendStatus
 .text.USBD_CtlReceiveStatus
                0x0800a69e       0x26 ./Middlewares/ST/STM32_USB_Device_Library/Core/Src/usbd_ioreq.o
                0x0800a69e                USBD_CtlReceiveStatus
 .text.MX_USB_DEVICE_Init
                0x0800a6c4       0x60 ./USB_DEVICE/App/usb_device.o
                0x0800a6c4                MX_USB_DEVICE_Init
 .text.CDC_Init_FS
                0x0800a724       0x28 ./USB_DEVICE/App/usbd_cdc_if.o
 .text.CDC_DeInit_FS
                0x0800a74c       0x10 ./USB_DEVICE/App/usbd_cdc_if.o
 .text.CDC_Control_FS
                0x0800a75c       0xbc ./USB_DEVICE/App/usbd_cdc_if.o
 .text.CDC_Receive_FS
                0x0800a818       0x34 ./USB_DEVICE/App/usbd_cdc_if.o
 .text.CDC_Transmit_FS
                0x0800a84c       0x4c ./USB_DEVICE/App/usbd_cdc_if.o
                0x0800a84c                CDC_Transmit_FS
 .text.CDC_TransmitCplt_FS
                0x0800a898       0x22 ./USB_DEVICE/App/usbd_cdc_if.o
 *fill*         0x0800a8ba        0x2 
 .text.USBD_FS_DeviceDescriptor
                0x0800a8bc       0x24 ./USB_DEVICE/App/usbd_desc.o
                0x0800a8bc                USBD_FS_DeviceDescriptor
 .text.USBD_FS_LangIDStrDescriptor
                0x0800a8e0       0x24 ./USB_DEVICE/App/usbd_desc.o
                0x0800a8e0                USBD_FS_LangIDStrDescriptor
 .text.USBD_FS_ProductStrDescriptor
                0x0800a904       0x3c ./USB_DEVICE/App/usbd_desc.o
                0x0800a904                USBD_FS_ProductStrDescriptor
 .text.USBD_FS_ManufacturerStrDescriptor
                0x0800a940       0x28 ./USB_DEVICE/App/usbd_desc.o
                0x0800a940                USBD_FS_ManufacturerStrDescriptor
 .text.USBD_FS_SerialStrDescriptor
                0x0800a968       0x24 ./USB_DEVICE/App/usbd_desc.o
                0x0800a968                USBD_FS_SerialStrDescriptor
 .text.USBD_FS_ConfigStrDescriptor
                0x0800a98c       0x3c ./USB_DEVICE/App/usbd_desc.o
                0x0800a98c                USBD_FS_ConfigStrDescriptor
 .text.USBD_FS_InterfaceStrDescriptor
                0x0800a9c8       0x3c ./USB_DEVICE/App/usbd_desc.o
                0x0800a9c8                USBD_FS_InterfaceStrDescriptor
 .text.Get_SerialNum
                0x0800aa04       0x58 ./USB_DEVICE/App/usbd_desc.o
 .text.IntToUnicode
                0x0800aa5c       0x7e ./USB_DEVICE/App/usbd_desc.o
 *fill*         0x0800aada        0x2 
 .text.HAL_PCD_MspInit
                0x0800aadc       0xa8 ./USB_DEVICE/Target/usbd_conf.o
                0x0800aadc                HAL_PCD_MspInit
 .text.HAL_PCD_SetupStageCallback
                0x0800ab84       0x24 ./USB_DEVICE/Target/usbd_conf.o
                0x0800ab84                HAL_PCD_SetupStageCallback
 .text.HAL_PCD_DataOutStageCallback
                0x0800aba8       0x36 ./USB_DEVICE/Target/usbd_conf.o
                0x0800aba8                HAL_PCD_DataOutStageCallback
 .text.HAL_PCD_DataInStageCallback
                0x0800abde       0x34 ./USB_DEVICE/Target/usbd_conf.o
                0x0800abde                HAL_PCD_DataInStageCallback
 .text.HAL_PCD_SOFCallback
                0x0800ac12       0x1c ./USB_DEVICE/Target/usbd_conf.o
                0x0800ac12                HAL_PCD_SOFCallback
 .text.HAL_PCD_ResetCallback
                0x0800ac2e       0x50 ./USB_DEVICE/Target/usbd_conf.o
                0x0800ac2e                HAL_PCD_ResetCallback
 *fill*         0x0800ac7e        0x2 
 .text.HAL_PCD_SuspendCallback
                0x0800ac80       0x4c ./USB_DEVICE/Target/usbd_conf.o
                0x0800ac80                HAL_PCD_SuspendCallback
 .text.HAL_PCD_ResumeCallback
                0x0800accc       0x1c ./USB_DEVICE/Target/usbd_conf.o
                0x0800accc                HAL_PCD_ResumeCallback
 .text.HAL_PCD_ISOOUTIncompleteCallback
                0x0800ace8       0x24 ./USB_DEVICE/Target/usbd_conf.o
                0x0800ace8                HAL_PCD_ISOOUTIncompleteCallback
 .text.HAL_PCD_ISOINIncompleteCallback
                0x0800ad0c       0x24 ./USB_DEVICE/Target/usbd_conf.o
                0x0800ad0c                HAL_PCD_ISOINIncompleteCallback
 .text.HAL_PCD_ConnectCallback
                0x0800ad30       0x1c ./USB_DEVICE/Target/usbd_conf.o
                0x0800ad30                HAL_PCD_ConnectCallback
 .text.HAL_PCD_DisconnectCallback
                0x0800ad4c       0x1c ./USB_DEVICE/Target/usbd_conf.o
                0x0800ad4c                HAL_PCD_DisconnectCallback
 .text.USBD_LL_Init
                0x0800ad68       0x98 ./USB_DEVICE/Target/usbd_conf.o
                0x0800ad68                USBD_LL_Init
 .text.USBD_LL_Start
                0x0800ae00       0x36 ./USB_DEVICE/Target/usbd_conf.o
                0x0800ae00                USBD_LL_Start
 .text.USBD_LL_OpenEP
                0x0800ae36       0x4c ./USB_DEVICE/Target/usbd_conf.o
                0x0800ae36                USBD_LL_OpenEP
 .text.USBD_LL_CloseEP
                0x0800ae82       0x3e ./USB_DEVICE/Target/usbd_conf.o
                0x0800ae82                USBD_LL_CloseEP
 .text.USBD_LL_StallEP
                0x0800aec0       0x3e ./USB_DEVICE/Target/usbd_conf.o
                0x0800aec0                USBD_LL_StallEP
 .text.USBD_LL_ClearStallEP
                0x0800aefe       0x3e ./USB_DEVICE/Target/usbd_conf.o
                0x0800aefe                USBD_LL_ClearStallEP
 .text.USBD_LL_IsStallEP
                0x0800af3c       0x58 ./USB_DEVICE/Target/usbd_conf.o
                0x0800af3c                USBD_LL_IsStallEP
 .text.USBD_LL_SetUSBAddress
                0x0800af94       0x3e ./USB_DEVICE/Target/usbd_conf.o
                0x0800af94                USBD_LL_SetUSBAddress
 .text.USBD_LL_Transmit
                0x0800afd2       0x42 ./USB_DEVICE/Target/usbd_conf.o
                0x0800afd2                USBD_LL_Transmit
 .text.USBD_LL_PrepareReceive
                0x0800b014       0x42 ./USB_DEVICE/Target/usbd_conf.o
                0x0800b014                USBD_LL_PrepareReceive
 .text.USBD_LL_GetRxDataSize
                0x0800b056       0x26 ./USB_DEVICE/Target/usbd_conf.o
                0x0800b056                USBD_LL_GetRxDataSize
 .text.USBD_static_malloc
                0x0800b07c       0x1c ./USB_DEVICE/Target/usbd_conf.o
                0x0800b07c                USBD_static_malloc
 .text.USBD_static_free
                0x0800b098       0x14 ./USB_DEVICE/Target/usbd_conf.o
                0x0800b098                USBD_static_free
 .text.USBD_Get_USB_Status
                0x0800b0ac       0x58 ./USB_DEVICE/Target/usbd_conf.o
                0x0800b0ac                USBD_Get_USB_Status
 .text.checkButtons
                0x0800b104      0x120 ./Utilities/Src/Button.o
                0x0800b104                checkButtons
 .text.Read_UP  0x0800b224       0x28 ./Utilities/Src/Button.o
                0x0800b224                Read_UP
 .text.Read_DOWN
                0x0800b24c       0x28 ./Utilities/Src/Button.o
                0x0800b24c                Read_DOWN
 .text.sha256   0x0800b274       0x34 ./Utilities/Src/Crypto.o
                0x0800b274                sha256
 .text.AESCBC   0x0800b2a8       0x48 ./Utilities/Src/Crypto.o
                0x0800b2a8                AESCBC
 .text.DecryptAES
                0x0800b2f0       0x48 ./Utilities/Src/Crypto.o
                0x0800b2f0                DecryptAES
 .text.Startup  0x0800b338       0xfc ./Utilities/Src/Menu.o
                0x0800b338                Startup
 .text.MainMenu
                0x0800b434      0x20c ./Utilities/Src/Menu.o
                0x0800b434                MainMenu
 .text.TimeoutMenu
                0x0800b640       0x7c ./Utilities/Src/Menu.o
                0x0800b640                TimeoutMenu
 .text.Enroll   0x0800b6bc      0x448 ./Utilities/Src/Menu.o
                0x0800b6bc                Enroll
 .text.LockDevice
                0x0800bb04      0x390 ./Utilities/Src/Menu.o
                0x0800bb04                LockDevice
 .text.EraseAlaram
                0x0800be94       0x44 ./Utilities/Src/Menu.o
                0x0800be94                EraseAlaram
 .text.EraseMem
                0x0800bed8       0x3a ./Utilities/Src/Menu.o
                0x0800bed8                EraseMem
 *fill*         0x0800bf12        0x2 
 .text.ResetFactory
                0x0800bf14      0x188 ./Utilities/Src/Menu.o
                0x0800bf14                ResetFactory
 .text.OledAlarm
                0x0800c09c       0x78 ./Utilities/Src/Menu.o
                0x0800c09c                OledAlarm
 .text.CheckPassword
                0x0800c114       0xc0 ./Utilities/Src/Menu.o
                0x0800c114                CheckPassword
 .text.Get_rng  0x0800c1d4       0x84 ./Utilities/Src/RNG.o
                0x0800c1d4                Get_rng
 .text.HAL_RNG_ReadyDataCallback
                0x0800c258       0x20 ./Utilities/Src/RNG.o
                0x0800c258                HAL_RNG_ReadyDataCallback
 .text.HAL_TIM_PeriodElapsedCallback
                0x0800c278       0x60 ./Utilities/Src/Timer.o
                0x0800c278                HAL_TIM_PeriodElapsedCallback
 .text.ITM_SendChar
                0x0800c2d8       0x4e ./Utilities/Src/printf_redirect.o
 .text._write   0x0800c326       0x38 ./Utilities/Src/printf_redirect.o
                0x0800c326                _write
 *fill*         0x0800c35e        0x2 
 .text.printArray
                0x0800c360       0x50 ./Utilities/Src/printf_redirect.o
                0x0800c360                printArray
 .text.__itoa   0x0800c3b0       0x30 /opt/st/stm32cubeide_1.16.0/plugins/com.st.stm32cube.ide.mcu.externaltools.gnu-tools-for-stm32.12.3.rel1.linux64_1.0.200.202406132123/tools/bin/../lib/gcc/arm-none-eabi/12.3.1/../../../../arm-none-eabi/lib/thumb/v7e-m+fp/hard/libc_nano.a(libc_a-itoa.o)
                0x0800c3b0                __itoa
 .text.itoa     0x0800c3e0        0x4 /opt/st/stm32cubeide_1.16.0/plugins/com.st.stm32cube.ide.mcu.externaltools.gnu-tools-for-stm32.12.3.rel1.linux64_1.0.200.202406132123/tools/bin/../lib/gcc/arm-none-eabi/12.3.1/../../../../arm-none-eabi/lib/thumb/v7e-m+fp/hard/libc_nano.a(libc_a-itoa.o)
                0x0800c3e0                itoa
 .text.__utoa   0x0800c3e4       0x84 /opt/st/stm32cubeide_1.16.0/plugins/com.st.stm32cube.ide.mcu.externaltools.gnu-tools-for-stm32.12.3.rel1.linux64_1.0.200.202406132123/tools/bin/../lib/gcc/arm-none-eabi/12.3.1/../../../../arm-none-eabi/lib/thumb/v7e-m+fp/hard/libc_nano.a(libc_a-utoa.o)
                0x0800c3e4                __utoa
 .text.std      0x0800c468       0x6c /opt/st/stm32cubeide_1.16.0/plugins/com.st.stm32cube.ide.mcu.externaltools.gnu-tools-for-stm32.12.3.rel1.linux64_1.0.200.202406132123/tools/bin/../lib/gcc/arm-none-eabi/12.3.1/../../../../arm-none-eabi/lib/thumb/v7e-m+fp/hard/libc_nano.a(libc_a-findfp.o)
 .text.stdio_exit_handler
                0x0800c4d4       0x18 /opt/st/stm32cubeide_1.16.0/plugins/com.st.stm32cube.ide.mcu.externaltools.gnu-tools-for-stm32.12.3.rel1.linux64_1.0.200.202406132123/tools/bin/../lib/gcc/arm-none-eabi/12.3.1/../../../../arm-none-eabi/lib/thumb/v7e-m+fp/hard/libc_nano.a(libc_a-findfp.o)
 .text.cleanup_stdio
                0x0800c4ec       0x40 /opt/st/stm32cubeide_1.16.0/plugins/com.st.stm32cube.ide.mcu.externaltools.gnu-tools-for-stm32.12.3.rel1.linux64_1.0.200.202406132123/tools/bin/../lib/gcc/arm-none-eabi/12.3.1/../../../../arm-none-eabi/lib/thumb/v7e-m+fp/hard/libc_nano.a(libc_a-findfp.o)
 .text.global_stdio_init.part.0
                0x0800c52c       0x3c /opt/st/stm32cubeide_1.16.0/plugins/com.st.stm32cube.ide.mcu.externaltools.gnu-tools-for-stm32.12.3.rel1.linux64_1.0.200.202406132123/tools/bin/../lib/gcc/arm-none-eabi/12.3.1/../../../../arm-none-eabi/lib/thumb/v7e-m+fp/hard/libc_nano.a(libc_a-findfp.o)
 .text.__sfp_lock_acquire
                0x0800c568        0xc /opt/st/stm32cubeide_1.16.0/plugins/com.st.stm32cube.ide.mcu.externaltools.gnu-tools-for-stm32.12.3.rel1.linux64_1.0.200.202406132123/tools/bin/../lib/gcc/arm-none-eabi/12.3.1/../../../../arm-none-eabi/lib/thumb/v7e-m+fp/hard/libc_nano.a(libc_a-findfp.o)
                0x0800c568                __sfp_lock_acquire
 .text.__sfp_lock_release
                0x0800c574        0xc /opt/st/stm32cubeide_1.16.0/plugins/com.st.stm32cube.ide.mcu.externaltools.gnu-tools-for-stm32.12.3.rel1.linux64_1.0.200.202406132123/tools/bin/../lib/gcc/arm-none-eabi/12.3.1/../../../../arm-none-eabi/lib/thumb/v7e-m+fp/hard/libc_nano.a(libc_a-findfp.o)
                0x0800c574                __sfp_lock_release
 .text.__sinit  0x0800c580       0x30 /opt/st/stm32cubeide_1.16.0/plugins/com.st.stm32cube.ide.mcu.externaltools.gnu-tools-for-stm32.12.3.rel1.linux64_1.0.200.202406132123/tools/bin/../lib/gcc/arm-none-eabi/12.3.1/../../../../arm-none-eabi/lib/thumb/v7e-m+fp/hard/libc_nano.a(libc_a-findfp.o)
                0x0800c580                __sinit
 .text._fwalk_sglue
                0x0800c5b0       0x3c /opt/st/stm32cubeide_1.16.0/plugins/com.st.stm32cube.ide.mcu.externaltools.gnu-tools-for-stm32.12.3.rel1.linux64_1.0.200.202406132123/tools/bin/../lib/gcc/arm-none-eabi/12.3.1/../../../../arm-none-eabi/lib/thumb/v7e-m+fp/hard/libc_nano.a(libc_a-fwalk.o)
                0x0800c5b0                _fwalk_sglue
 .text.printf   0x0800c5ec       0x24 /opt/st/stm32cubeide_1.16.0/plugins/com.st.stm32cube.ide.mcu.externaltools.gnu-tools-for-stm32.12.3.rel1.linux64_1.0.200.202406132123/tools/bin/../lib/gcc/arm-none-eabi/12.3.1/../../../../arm-none-eabi/lib/thumb/v7e-m+fp/hard/libc_nano.a(libc_a-printf.o)
                0x0800c5ec                printf
                0x0800c5ec                iprintf
 .text.putchar  0x0800c610       0x10 /opt/st/stm32cubeide_1.16.0/plugins/com.st.stm32cube.ide.mcu.externaltools.gnu-tools-for-stm32.12.3.rel1.linux64_1.0.200.202406132123/tools/bin/../lib/gcc/arm-none-eabi/12.3.1/../../../../arm-none-eabi/lib/thumb/v7e-m+fp/hard/libc_nano.a(libc_a-putchar.o)
                0x0800c610                putchar
 .text._puts_r  0x0800c620       0xaa /opt/st/stm32cubeide_1.16.0/plugins/com.st.stm32cube.ide.mcu.externaltools.gnu-tools-for-stm32.12.3.rel1.linux64_1.0.200.202406132123/tools/bin/../lib/gcc/arm-none-eabi/12.3.1/../../../../arm-none-eabi/lib/thumb/v7e-m+fp/hard/libc_nano.a(libc_a-puts.o)
                0x0800c620                _puts_r
 *fill*         0x0800c6ca        0x2 
 .text.puts     0x0800c6cc       0x10 /opt/st/stm32cubeide_1.16.0/plugins/com.st.stm32cube.ide.mcu.externaltools.gnu-tools-for-stm32.12.3.rel1.linux64_1.0.200.202406132123/tools/bin/../lib/gcc/arm-none-eabi/12.3.1/../../../../arm-none-eabi/lib/thumb/v7e-m+fp/hard/libc_nano.a(libc_a-puts.o)
                0x0800c6cc                puts
 .text.__sread  0x0800c6dc       0x22 /opt/st/stm32cubeide_1.16.0/plugins/com.st.stm32cube.ide.mcu.externaltools.gnu-tools-for-stm32.12.3.rel1.linux64_1.0.200.202406132123/tools/bin/../lib/gcc/arm-none-eabi/12.3.1/../../../../arm-none-eabi/lib/thumb/v7e-m+fp/hard/libc_nano.a(libc_a-stdio.o)
                0x0800c6dc                __sread
 .text.__swrite
                0x0800c6fe       0x38 /opt/st/stm32cubeide_1.16.0/plugins/com.st.stm32cube.ide.mcu.externaltools.gnu-tools-for-stm32.12.3.rel1.linux64_1.0.200.202406132123/tools/bin/../lib/gcc/arm-none-eabi/12.3.1/../../../../arm-none-eabi/lib/thumb/v7e-m+fp/hard/libc_nano.a(libc_a-stdio.o)
                0x0800c6fe                __swrite
 .text.__sseek  0x0800c736       0x24 /opt/st/stm32cubeide_1.16.0/plugins/com.st.stm32cube.ide.mcu.externaltools.gnu-tools-for-stm32.12.3.rel1.linux64_1.0.200.202406132123/tools/bin/../lib/gcc/arm-none-eabi/12.3.1/../../../../arm-none-eabi/lib/thumb/v7e-m+fp/hard/libc_nano.a(libc_a-stdio.o)
                0x0800c736                __sseek
 .text.__sclose
                0x0800c75a        0x8 /opt/st/stm32cubeide_1.16.0/plugins/com.st.stm32cube.ide.mcu.externaltools.gnu-tools-for-stm32.12.3.rel1.linux64_1.0.200.202406132123/tools/bin/../lib/gcc/arm-none-eabi/12.3.1/../../../../arm-none-eabi/lib/thumb/v7e-m+fp/hard/libc_nano.a(libc_a-stdio.o)
                0x0800c75a                __sclose
 .text.__swbuf_r
                0x0800c762       0x7c /opt/st/stm32cubeide_1.16.0/plugins/com.st.stm32cube.ide.mcu.externaltools.gnu-tools-for-stm32.12.3.rel1.linux64_1.0.200.202406132123/tools/bin/../lib/gcc/arm-none-eabi/12.3.1/../../../../arm-none-eabi/lib/thumb/v7e-m+fp/hard/libc_nano.a(libc_a-wbuf.o)
                0x0800c762                __swbuf_r
 *fill*         0x0800c7de        0x2 
 .text.__swsetup_r
                0x0800c7e0       0xac /opt/st/stm32cubeide_1.16.0/plugins/com.st.stm32cube.ide.mcu.externaltools.gnu-tools-for-stm32.12.3.rel1.linux64_1.0.200.202406132123/tools/bin/../lib/gcc/arm-none-eabi/12.3.1/../../../../arm-none-eabi/lib/thumb/v7e-m+fp/hard/libc_nano.a(libc_a-wsetup.o)
                0x0800c7e0                __swsetup_r
 .text.memcmp   0x0800c88c       0x20 /opt/st/stm32cubeide_1.16.0/plugins/com.st.stm32cube.ide.mcu.externaltools.gnu-tools-for-stm32.12.3.rel1.linux64_1.0.200.202406132123/tools/bin/../lib/gcc/arm-none-eabi/12.3.1/../../../../arm-none-eabi/lib/thumb/v7e-m+fp/hard/libc_nano.a(libc_a-memcmp.o)
                0x0800c88c                memcmp
 .text.memset   0x0800c8ac       0x10 /opt/st/stm32cubeide_1.16.0/plugins/com.st.stm32cube.ide.mcu.externaltools.gnu-tools-for-stm32.12.3.rel1.linux64_1.0.200.202406132123/tools/bin/../lib/gcc/arm-none-eabi/12.3.1/../../../../arm-none-eabi/lib/thumb/v7e-m+fp/hard/libc_nano.a(libc_a-memset.o)
                0x0800c8ac                memset
 .text._close_r
                0x0800c8bc       0x20 /opt/st/stm32cubeide_1.16.0/plugins/com.st.stm32cube.ide.mcu.externaltools.gnu-tools-for-stm32.12.3.rel1.linux64_1.0.200.202406132123/tools/bin/../lib/gcc/arm-none-eabi/12.3.1/../../../../arm-none-eabi/lib/thumb/v7e-m+fp/hard/libc_nano.a(libc_a-closer.o)
                0x0800c8bc                _close_r
 .text._lseek_r
                0x0800c8dc       0x24 /opt/st/stm32cubeide_1.16.0/plugins/com.st.stm32cube.ide.mcu.externaltools.gnu-tools-for-stm32.12.3.rel1.linux64_1.0.200.202406132123/tools/bin/../lib/gcc/arm-none-eabi/12.3.1/../../../../arm-none-eabi/lib/thumb/v7e-m+fp/hard/libc_nano.a(libc_a-lseekr.o)
                0x0800c8dc                _lseek_r
 .text._read_r  0x0800c900       0x24 /opt/st/stm32cubeide_1.16.0/plugins/com.st.stm32cube.ide.mcu.externaltools.gnu-tools-for-stm32.12.3.rel1.linux64_1.0.200.202406132123/tools/bin/../lib/gcc/arm-none-eabi/12.3.1/../../../../arm-none-eabi/lib/thumb/v7e-m+fp/hard/libc_nano.a(libc_a-readr.o)
                0x0800c900                _read_r
 .text._write_r
                0x0800c924       0x24 /opt/st/stm32cubeide_1.16.0/plugins/com.st.stm32cube.ide.mcu.externaltools.gnu-tools-for-stm32.12.3.rel1.linux64_1.0.200.202406132123/tools/bin/../lib/gcc/arm-none-eabi/12.3.1/../../../../arm-none-eabi/lib/thumb/v7e-m+fp/hard/libc_nano.a(libc_a-writer.o)
                0x0800c924                _write_r
 .text.__errno  0x0800c948        0xc /opt/st/stm32cubeide_1.16.0/plugins/com.st.stm32cube.ide.mcu.externaltools.gnu-tools-for-stm32.12.3.rel1.linux64_1.0.200.202406132123/tools/bin/../lib/gcc/arm-none-eabi/12.3.1/../../../../arm-none-eabi/lib/thumb/v7e-m+fp/hard/libc_nano.a(libc_a-errno.o)
                0x0800c948                __errno
 .text.__libc_init_array
                0x0800c954       0x48 /opt/st/stm32cubeide_1.16.0/plugins/com.st.stm32cube.ide.mcu.externaltools.gnu-tools-for-stm32.12.3.rel1.linux64_1.0.200.202406132123/tools/bin/../lib/gcc/arm-none-eabi/12.3.1/../../../../arm-none-eabi/lib/thumb/v7e-m+fp/hard/libc_nano.a(libc_a-init.o)
                0x0800c954                __libc_init_array
 .text.__retarget_lock_init_recursive
                0x0800c99c        0x2 /opt/st/stm32cubeide_1.16.0/plugins/com.st.stm32cube.ide.mcu.externaltools.gnu-tools-for-stm32.12.3.rel1.linux64_1.0.200.202406132123/tools/bin/../lib/gcc/arm-none-eabi/12.3.1/../../../../arm-none-eabi/lib/thumb/v7e-m+fp/hard/libc_nano.a(libc_a-lock.o)
                0x0800c99c                __retarget_lock_init_recursive
 .text.__retarget_lock_acquire_recursive
                0x0800c99e        0x2 /opt/st/stm32cubeide_1.16.0/plugins/com.st.stm32cube.ide.mcu.externaltools.gnu-tools-for-stm32.12.3.rel1.linux64_1.0.200.202406132123/tools/bin/../lib/gcc/arm-none-eabi/12.3.1/../../../../arm-none-eabi/lib/thumb/v7e-m+fp/hard/libc_nano.a(libc_a-lock.o)
                0x0800c99e                __retarget_lock_acquire_recursive
 .text.__retarget_lock_release_recursive
                0x0800c9a0        0x2 /opt/st/stm32cubeide_1.16.0/plugins/com.st.stm32cube.ide.mcu.externaltools.gnu-tools-for-stm32.12.3.rel1.linux64_1.0.200.202406132123/tools/bin/../lib/gcc/arm-none-eabi/12.3.1/../../../../arm-none-eabi/lib/thumb/v7e-m+fp/hard/libc_nano.a(libc_a-lock.o)
                0x0800c9a0                __retarget_lock_release_recursive
 .text.__aeabi_memcpy
                0x0800c9a2        0x4 /opt/st/stm32cubeide_1.16.0/plugins/com.st.stm32cube.ide.mcu.externaltools.gnu-tools-for-stm32.12.3.rel1.linux64_1.0.200.202406132123/tools/bin/../lib/gcc/arm-none-eabi/12.3.1/../../../../arm-none-eabi/lib/thumb/v7e-m+fp/hard/libc_nano.a(libc_a-aeabi_memcpy.o)
                0x0800c9a2                __aeabi_memcpy
                0x0800c9a2                __aeabi_memcpy4
                0x0800c9a2                __aeabi_memcpy8
 .text.__aeabi_memclr
                0x0800c9a6        0x6 /opt/st/stm32cubeide_1.16.0/plugins/com.st.stm32cube.ide.mcu.externaltools.gnu-tools-for-stm32.12.3.rel1.linux64_1.0.200.202406132123/tools/bin/../lib/gcc/arm-none-eabi/12.3.1/../../../../arm-none-eabi/lib/thumb/v7e-m+fp/hard/libc_nano.a(libc_a-aeabi_memclr.o)
                0x0800c9a6                __aeabi_memclr8
                0x0800c9a6                __aeabi_memclr
                0x0800c9a6                __aeabi_memclr4
 .text.memcpy   0x0800c9ac       0x1c /opt/st/stm32cubeide_1.16.0/plugins/com.st.stm32cube.ide.mcu.externaltools.gnu-tools-for-stm32.12.3.rel1.linux64_1.0.200.202406132123/tools/bin/../lib/gcc/arm-none-eabi/12.3.1/../../../../arm-none-eabi/lib/thumb/v7e-m+fp/hard/libc_nano.a(libc_a-memcpy-stub.o)
                0x0800c9ac                memcpy
 .text._free_r  0x0800c9c8       0x94 /opt/st/stm32cubeide_1.16.0/plugins/com.st.stm32cube.ide.mcu.externaltools.gnu-tools-for-stm32.12.3.rel1.linux64_1.0.200.202406132123/tools/bin/../lib/gcc/arm-none-eabi/12.3.1/../../../../arm-none-eabi/lib/thumb/v7e-m+fp/hard/libc_nano.a(libc_a-freer.o)
                0x0800c9c8                _free_r
 .text.sbrk_aligned
                0x0800ca5c       0x44 /opt/st/stm32cubeide_1.16.0/plugins/com.st.stm32cube.ide.mcu.externaltools.gnu-tools-for-stm32.12.3.rel1.linux64_1.0.200.202406132123/tools/bin/../lib/gcc/arm-none-eabi/12.3.1/../../../../arm-none-eabi/lib/thumb/v7e-m+fp/hard/libc_nano.a(libc_a-mallocr.o)
 .text._malloc_r
                0x0800caa0      0x100 /opt/st/stm32cubeide_1.16.0/plugins/com.st.stm32cube.ide.mcu.externaltools.gnu-tools-for-stm32.12.3.rel1.linux64_1.0.200.202406132123/tools/bin/../lib/gcc/arm-none-eabi/12.3.1/../../../../arm-none-eabi/lib/thumb/v7e-m+fp/hard/libc_nano.a(libc_a-mallocr.o)
                0x0800caa0                _malloc_r
 .text.__malloc_lock
                0x0800cba0        0xc /opt/st/stm32cubeide_1.16.0/plugins/com.st.stm32cube.ide.mcu.externaltools.gnu-tools-for-stm32.12.3.rel1.linux64_1.0.200.202406132123/tools/bin/../lib/gcc/arm-none-eabi/12.3.1/../../../../arm-none-eabi/lib/thumb/v7e-m+fp/hard/libc_nano.a(libc_a-mlock.o)
                0x0800cba0                __malloc_lock
 .text.__malloc_unlock
                0x0800cbac        0xc /opt/st/stm32cubeide_1.16.0/plugins/com.st.stm32cube.ide.mcu.externaltools.gnu-tools-for-stm32.12.3.rel1.linux64_1.0.200.202406132123/tools/bin/../lib/gcc/arm-none-eabi/12.3.1/../../../../arm-none-eabi/lib/thumb/v7e-m+fp/hard/libc_nano.a(libc_a-mlock.o)
                0x0800cbac                __malloc_unlock
 .text.__sfputc_r
                0x0800cbb8       0x2e /opt/st/stm32cubeide_1.16.0/plugins/com.st.stm32cube.ide.mcu.externaltools.gnu-tools-for-stm32.12.3.rel1.linux64_1.0.200.202406132123/tools/bin/../lib/gcc/arm-none-eabi/12.3.1/../../../../arm-none-eabi/lib/thumb/v7e-m+fp/hard/libc_nano.a(libc_a-nano-vfprintf.o)
 .text.__sfputs_r
                0x0800cbe6       0x24 /opt/st/stm32cubeide_1.16.0/plugins/com.st.stm32cube.ide.mcu.externaltools.gnu-tools-for-stm32.12.3.rel1.linux64_1.0.200.202406132123/tools/bin/../lib/gcc/arm-none-eabi/12.3.1/../../../../arm-none-eabi/lib/thumb/v7e-m+fp/hard/libc_nano.a(libc_a-nano-vfprintf.o)
                0x0800cbe6                __sfputs_r
 *fill*         0x0800cc0a        0x2 
 .text._vfprintf_r
                0x0800cc0c      0x230 /opt/st/stm32cubeide_1.16.0/plugins/com.st.stm32cube.ide.mcu.externaltools.gnu-tools-for-stm32.12.3.rel1.linux64_1.0.200.202406132123/tools/bin/../lib/gcc/arm-none-eabi/12.3.1/../../../../arm-none-eabi/lib/thumb/v7e-m+fp/hard/libc_nano.a(libc_a-nano-vfprintf.o)
                0x0800cc0c                _vfiprintf_r
                0x0800cc0c                _vfprintf_r
 .text._printf_common
                0x0800ce3c       0xda /opt/st/stm32cubeide_1.16.0/plugins/com.st.stm32cube.ide.mcu.externaltools.gnu-tools-for-stm32.12.3.rel1.linux64_1.0.200.202406132123/tools/bin/../lib/gcc/arm-none-eabi/12.3.1/../../../../arm-none-eabi/lib/thumb/v7e-m+fp/hard/libc_nano.a(libc_a-nano-vfprintf_i.o)
                0x0800ce3c                _printf_common
 *fill*         0x0800cf16        0x2 
 .text._printf_i
                0x0800cf18      0x240 /opt/st/stm32cubeide_1.16.0/plugins/com.st.stm32cube.ide.mcu.externaltools.gnu-tools-for-stm32.12.3.rel1.linux64_1.0.200.202406132123/tools/bin/../lib/gcc/arm-none-eabi/12.3.1/../../../../arm-none-eabi/lib/thumb/v7e-m+fp/hard/libc_nano.a(libc_a-nano-vfprintf_i.o)
                0x0800cf18                _printf_i
 .text.__sflush_r
                0x0800d158      0x108 /opt/st/stm32cubeide_1.16.0/plugins/com.st.stm32cube.ide.mcu.externaltools.gnu-tools-for-stm32.12.3.rel1.linux64_1.0.200.202406132123/tools/bin/../lib/gcc/arm-none-eabi/12.3.1/../../../../arm-none-eabi/lib/thumb/v7e-m+fp/hard/libc_nano.a(libc_a-fflush.o)
                0x0800d158                __sflush_r
 .text._fflush_r
                0x0800d260       0x50 /opt/st/stm32cubeide_1.16.0/plugins/com.st.stm32cube.ide.mcu.externaltools.gnu-tools-for-stm32.12.3.rel1.linux64_1.0.200.202406132123/tools/bin/../lib/gcc/arm-none-eabi/12.3.1/../../../../arm-none-eabi/lib/thumb/v7e-m+fp/hard/libc_nano.a(libc_a-fflush.o)
                0x0800d260                _fflush_r
 .text.__swhatbuf_r
                0x0800d2b0       0x4c /opt/st/stm32cubeide_1.16.0/plugins/com.st.stm32cube.ide.mcu.externaltools.gnu-tools-for-stm32.12.3.rel1.linux64_1.0.200.202406132123/tools/bin/../lib/gcc/arm-none-eabi/12.3.1/../../../../arm-none-eabi/lib/thumb/v7e-m+fp/hard/libc_nano.a(libc_a-makebuf.o)
                0x0800d2b0                __swhatbuf_r
 .text.__smakebuf_r
                0x0800d2fc       0x78 /opt/st/stm32cubeide_1.16.0/plugins/com.st.stm32cube.ide.mcu.externaltools.gnu-tools-for-stm32.12.3.rel1.linux64_1.0.200.202406132123/tools/bin/../lib/gcc/arm-none-eabi/12.3.1/../../../../arm-none-eabi/lib/thumb/v7e-m+fp/hard/libc_nano.a(libc_a-makebuf.o)
                0x0800d2fc                __smakebuf_r
 .text._putc_r  0x0800d374       0x68 /opt/st/stm32cubeide_1.16.0/plugins/com.st.stm32cube.ide.mcu.externaltools.gnu-tools-for-stm32.12.3.rel1.linux64_1.0.200.202406132123/tools/bin/../lib/gcc/arm-none-eabi/12.3.1/../../../../arm-none-eabi/lib/thumb/v7e-m+fp/hard/libc_nano.a(libc_a-putc.o)
                0x0800d374                _putc_r
 .text._fstat_r
                0x0800d3dc       0x24 /opt/st/stm32cubeide_1.16.0/plugins/com.st.stm32cube.ide.mcu.externaltools.gnu-tools-for-stm32.12.3.rel1.linux64_1.0.200.202406132123/tools/bin/../lib/gcc/arm-none-eabi/12.3.1/../../../../arm-none-eabi/lib/thumb/v7e-m+fp/hard/libc_nano.a(libc_a-fstatr.o)
                0x0800d3dc                _fstat_r
 .text._isatty_r
                0x0800d400       0x20 /opt/st/stm32cubeide_1.16.0/plugins/com.st.stm32cube.ide.mcu.externaltools.gnu-tools-for-stm32.12.3.rel1.linux64_1.0.200.202406132123/tools/bin/../lib/gcc/arm-none-eabi/12.3.1/../../../../arm-none-eabi/lib/thumb/v7e-m+fp/hard/libc_nano.a(libc_a-isattyr.o)
                0x0800d400                _isatty_r
 .text._sbrk_r  0x0800d420       0x20 /opt/st/stm32cubeide_1.16.0/plugins/com.st.stm32cube.ide.mcu.externaltools.gnu-tools-for-stm32.12.3.rel1.linux64_1.0.200.202406132123/tools/bin/../lib/gcc/arm-none-eabi/12.3.1/../../../../arm-none-eabi/lib/thumb/v7e-m+fp/hard/libc_nano.a(libc_a-sbrkr.o)
                0x0800d420                _sbrk_r
 *(.glue_7)
 .glue_7        0x0800d440        0x0 linker stubs
 *(.glue_7t)
 .glue_7t       0x0800d440        0x0 linker stubs
 *(.eh_frame)
 .eh_frame      0x0800d440        0x0 /opt/st/stm32cubeide_1.16.0/plugins/com.st.stm32cube.ide.mcu.externaltools.gnu-tools-for-stm32.12.3.rel1.linux64_1.0.200.202406132123/tools/bin/../lib/gcc/arm-none-eabi/12.3.1/thumb/v7e-m+fp/hard/crtbegin.o
 *(.init)
 .init          0x0800d440        0x4 /opt/st/stm32cubeide_1.16.0/plugins/com.st.stm32cube.ide.mcu.externaltools.gnu-tools-for-stm32.12.3.rel1.linux64_1.0.200.202406132123/tools/bin/../lib/gcc/arm-none-eabi/12.3.1/thumb/v7e-m+fp/hard/crti.o
                0x0800d440                _init
 .init          0x0800d444        0x8 /opt/st/stm32cubeide_1.16.0/plugins/com.st.stm32cube.ide.mcu.externaltools.gnu-tools-for-stm32.12.3.rel1.linux64_1.0.200.202406132123/tools/bin/../lib/gcc/arm-none-eabi/12.3.1/thumb/v7e-m+fp/hard/crtn.o
 *(.fini)
 .fini          0x0800d44c        0x4 /opt/st/stm32cubeide_1.16.0/plugins/com.st.stm32cube.ide.mcu.externaltools.gnu-tools-for-stm32.12.3.rel1.linux64_1.0.200.202406132123/tools/bin/../lib/gcc/arm-none-eabi/12.3.1/thumb/v7e-m+fp/hard/crti.o
                0x0800d44c                _fini
 .fini          0x0800d450        0x8 /opt/st/stm32cubeide_1.16.0/plugins/com.st.stm32cube.ide.mcu.externaltools.gnu-tools-for-stm32.12.3.rel1.linux64_1.0.200.202406132123/tools/bin/../lib/gcc/arm-none-eabi/12.3.1/thumb/v7e-m+fp/hard/crtn.o
                0x0800d458                        . = ALIGN (0x4)
                0x0800d458                        _etext = .

.vfp11_veneer   0x0800d458        0x0
 .vfp11_veneer  0x0800d458        0x0 linker stubs

.v4_bx          0x0800d458        0x0
 .v4_bx         0x0800d458        0x0 linker stubs

.iplt           0x0800d458        0x0
 .iplt          0x0800d458        0x0 /opt/st/stm32cubeide_1.16.0/plugins/com.st.stm32cube.ide.mcu.externaltools.gnu-tools-for-stm32.12.3.rel1.linux64_1.0.200.202406132123/tools/bin/../lib/gcc/arm-none-eabi/12.3.1/thumb/v7e-m+fp/hard/crtbegin.o

.rodata         0x0800d458     0x20d0
                0x0800d458                        . = ALIGN (0x4)
 *(.rodata)
 .rodata        0x0800d458       0xdd ./Core/Src/main.o
 *fill*         0x0800d535        0x3 
 .rodata        0x0800d538       0x46 ./USB_DEVICE/App/usbd_desc.o
 *fill*         0x0800d57e        0x2 
 .rodata        0x0800d580      0x27b ./Utilities/Src/Menu.o
 *fill*         0x0800d7fb        0x1 
 .rodata        0x0800d7fc       0x10 ./Utilities/Src/printf_redirect.o
 .rodata        0x0800d80c        0x8 ../X-CUBE-CRYPTOLIB/Middlewares/ST/STM32_Cryptographic/lib/libSTM32Cryptographic_CM4.a(cmox_cbc_aesfast_decrypt.c.o)
 .rodata        0x0800d814        0x4 ../X-CUBE-CRYPTOLIB/Middlewares/ST/STM32_Cryptographic/lib/libSTM32Cryptographic_CM4.a(cmox_cbc_aesfast_decrypt.c.o)
                0x0800d814                CMOX_AESFAST_CBC_DEC_ALGO
 .rodata        0x0800d818        0x8 ../X-CUBE-CRYPTOLIB/Middlewares/ST/STM32_Cryptographic/lib/libSTM32Cryptographic_CM4.a(cmox_cbc_aesfast_encrypt.c.o)
 .rodata        0x0800d820        0x4 ../X-CUBE-CRYPTOLIB/Middlewares/ST/STM32_Cryptographic/lib/libSTM32Cryptographic_CM4.a(cmox_cbc_aesfast_encrypt.c.o)
                0x0800d820                CMOX_AESFAST_CBC_ENC_ALGO
 .rodata        0x0800d824       0x2c ../X-CUBE-CRYPTOLIB/Middlewares/ST/STM32_Cryptographic/lib/libSTM32Cryptographic_CM4.a(cmox_cbc_decrypt.c.o)
 .rodata        0x0800d850       0x2c ../X-CUBE-CRYPTOLIB/Middlewares/ST/STM32_Cryptographic/lib/libSTM32Cryptographic_CM4.a(cmox_cbc_encrypt.c.o)
 .rodata        0x0800d87c        0x8 ../X-CUBE-CRYPTOLIB/Middlewares/ST/STM32_Cryptographic/lib/libSTM32Cryptographic_CM4.a(cmox_init.c.o)
                0x0800d87c                cmox_table
 .rodata        0x0800d884        0x4 ../X-CUBE-CRYPTOLIB/Middlewares/ST/STM32_Cryptographic/lib/libSTM32Cryptographic_CM4.a(cmox_sha256.c.o)
 .rodata        0x0800d888        0x4 ../X-CUBE-CRYPTOLIB/Middlewares/ST/STM32_Cryptographic/lib/libSTM32Cryptographic_CM4.a(cmox_sha256.c.o)
                0x0800d888                CMOX_SHA256_ALGO
 .rodata        0x0800d88c      0x100 ../X-CUBE-CRYPTOLIB/Middlewares/ST/STM32_Cryptographic/lib/libSTM32Cryptographic_CM4.a(cmox_sha256_common.c.o)
 .rodata        0x0800d98c       0x10 ../X-CUBE-CRYPTOLIB/Middlewares/ST/STM32_Cryptographic/lib/libSTM32Cryptographic_CM4.a(cmox_sha256_common.c.o)
                0x0800d98c                CMOX_MD_SHA256_VTABLE_ST
 .rodata        0x0800d99c        0x8 ../X-CUBE-CRYPTOLIB/Middlewares/ST/STM32_Cryptographic/lib/libSTM32Cryptographic_CM4.a(cmox_aesfast_decrypt.c.o)
 .rodata        0x0800d9a4        0x4 ../X-CUBE-CRYPTOLIB/Middlewares/ST/STM32_Cryptographic/lib/libSTM32Cryptographic_CM4.a(cmox_aesfast_decrypt.c.o)
                0x0800d9a4                CMOX_AESFAST_DECRYPT_VTABLE